 PhysX3CommonCHECKED_x86

 Timestamp is 5aec1f2c (Fri May  4 09:51:56 2018)

 Preferred load address is 10000000

 Start         Length     Name                   Class
 0001:00000000 0000e2c0H .text$di                CODE
 0001:0000e2c0 001e1a53H .text$mn                CODE
 0002:00000000 00000104H .CRT$XCA                DATA
 0002:00000104 00000d3cH .CRT$XCU                DATA
 0002:00000e40 00000104H .CRT$XCZ                DATA
 0002:00000f44 00000104H .CRT$XIA                DATA
 0002:00001048 00000110H .CRT$XIC                DATA
 0002:00001158 00000104H .CRT$XIZ                DATA
 0002:0000125c 00000104H .CRT$XPA                DATA
 0002:00001360 0000010cH .CRT$XPX                DATA
 0002:0000146c 00000104H .CRT$XPXA               DATA
 0002:00001570 00000104H .CRT$XPZ                DATA
 0002:00001674 00000104H .CRT$XTA                DATA
 0002:00001778 00000108H .CRT$XTZ                DATA
 0002:00001880 000119c4H .rdata                  DATA
 0002:00013244 0000038cH .rdata$r                DATA
 0002:000135d0 00000110H .rdata$sxdata           DATA
 0002:000136e0 000001dcH .rdata$zzzdbg           DATA
 0002:000138bc 00000104H .rtc$IAA                DATA
 0002:000139c0 00000104H .rtc$IZZ                DATA
 0002:00013ac4 00000104H .rtc$TAA                DATA
 0002:00013bc8 00000108H .rtc$TZZ                DATA
 0002:00013cd0 00000920H .xdata$x                DATA
 0002:000145f0 0000c02eH .edata                  DATA
 0003:00000000 000012ccH .data                   DATA
 0003:000012cc 000004f4H .data$r                 DATA
 0003:000017c0 00004d3cH .bss                    DATA
 0004:00000000 000001ccH .idata$5                DATA
 0004:000001cc 00000014H .idata$2                DATA
 0004:000001e0 00000014H .idata$3                DATA
 0004:000001f4 000001ccH .idata$4                DATA
 0004:000003c0 0000081dH .idata$6                DATA
 0005:00000000 00000020H .didat$2                DATA
 0005:00000020 00000020H .didat$3                DATA
 0005:00000040 00000094H .didat$4                DATA
 0005:000000d4 00000094H .didat$5                DATA
 0005:00000168 00000564H .didat$6                DATA
 0005:000006cc 00000165H .didat$7                DATA
 0006:00000000 000002c3H .gfids$y                DATA
 0007:00000000 00000104H .00cfg                  DATA
 0008:00000000 000001c0H .rsrc$01                DATA
 0008:000001c0 000006a9H .rsrc$02                DATA

  Address         Publics by Value              Rva+Base       Lib:Object

 0000:00000000       ___guard_fids_table        00000000     <absolute>
 0000:00000000       ___dynamic_value_reloc_table 00000000     <absolute>
 0000:00000000       ___guard_longjmp_count     00000000     <absolute>
 0000:00000000       ___guard_longjmp_table     00000000     <absolute>
 0000:00000000       ___guard_iat_count         00000000     <absolute>
 0000:00000000       ___guard_iat_table         00000000     <absolute>
 0000:00000000       __except_list              00000000     <absolute>
 0000:00000000       ___guard_fids_count        00000000     <absolute>
 0000:00000003       ___safe_se_handler_count   00000003     <absolute>
 0000:00000100       ___guard_flags             00000100     <absolute>
 0000:00000000       ___ImageBase               10000000     <linker-defined>
 0001:0000e2c0       _PxSetPhysXCommonDelayLoadHook 1000f2c0 f   CmWindowsDelayLoadHook.obj
 0001:0000e2d0       ?delayHook@@YGP6GHXZIPAUDelayLoadInfo@@@Z 1000f2d0 f   CmWindowsDelayLoadHook.obj
 0001:0000e330       ?foundationDliNotePreLoadLibrary@shdfnd@physx@@YGP6GHXZPBDPBVPxFoundationDelayLoadHook@2@@Z 1000f330 f i CmWindowsDelayLoadHook.obj
 0001:0000e420       ?physXCommonDliNotePreLoadLibrary@Cm@physx@@YGP6GHXZPBDPBVPxDelayLoadHook@2@@Z 1000f420 f i CmWindowsDelayLoadHook.obj
 0001:0000e600       ??0CmModuleUpdateLoader@Cm@physx@@QAE@PBD@Z 1000f600 f   CmWindowsModuleUpdateLoader.obj
 0001:0000e640       ??1CmModuleUpdateLoader@Cm@physx@@QAE@XZ 1000f640 f   CmWindowsModuleUpdateLoader.obj
 0001:0000e660       ?LoadModule@CmModuleUpdateLoader@Cm@physx@@QAEPAUHINSTANCE__@@PBD0@Z 1000f660 f   CmWindowsModuleUpdateLoader.obj
 0001:0000e6b0       ??0Allocator@shdfnd@physx@@QAE@PBD@Z 1000f6b0 f i CmWindowsModuleUpdateLoader.obj
 0001:0000e6c0       ??0PxFoundation@physx@@QAE@ABV01@@Z 1000f6c0 f i CmWindowsModuleUpdateLoader.obj
 0001:0000e6d0       ??0PxFoundation@physx@@QAE@XZ 1000f6d0 f i CmWindowsModuleUpdateLoader.obj
 0001:0000e6e0       ??1PxFoundation@physx@@MAE@XZ 1000f6e0 f i CmWindowsModuleUpdateLoader.obj
 0001:0000e6f0       ??4Allocator@shdfnd@physx@@QAEAAV012@$$QAV012@@Z 1000f6f0 f i CmWindowsModuleUpdateLoader.obj
 0001:0000e700       ??4Allocator@shdfnd@physx@@QAEAAV012@ABV012@@Z 1000f700 f i CmWindowsModuleUpdateLoader.obj
 0001:0000e710       ??4CmModuleUpdateLoader@Cm@physx@@QAEAAV012@ABV012@@Z 1000f710 f i CmWindowsModuleUpdateLoader.obj
 0001:0000e730       ??4MutexImpl@shdfnd@physx@@QAEAAV012@ABV012@@Z 1000f730 f i CmWindowsModuleUpdateLoader.obj
 0001:0000e740       ??4PxFoundation@physx@@QAEAAV01@ABV01@@Z 1000f740 f i CmWindowsModuleUpdateLoader.obj
 0001:0000e750       ??_EPxFoundation@physx@@MAEPAXI@Z 1000f750 f i CmWindowsModuleUpdateLoader.obj
 0001:0000e7e0       ??_FAllocator@shdfnd@physx@@QAEXXZ 1000f7e0 f i CmWindowsModuleUpdateLoader.obj
 0001:0000e7f0       ??_FNamedAllocator@shdfnd@physx@@QAEXXZ 1000f7f0 f i CmWindowsModuleUpdateLoader.obj
 0001:0000e800       ??_GPxFoundation@physx@@MAEPAXI@Z 1000f800 f i CmWindowsModuleUpdateLoader.obj
 0001:0000e830       ??_I@YGXPAXIIP6EX0@Z@Z     1000f830 f i CmWindowsModuleUpdateLoader.obj
 0001:0000e870       ?__empty_global_delete@@YAXPAX@Z 1000f870 f i CmWindowsModuleUpdateLoader.obj
 0001:0000e880       ?__empty_global_delete@@YAXPAXI@Z 1000f880 f i CmWindowsModuleUpdateLoader.obj
 0001:0000e890       ?getAllocator@Foundation@shdfnd@physx@@QAEAAVPxAllocatorCallback@3@XZ 1000f890 f i CmWindowsModuleUpdateLoader.obj
 0001:0000e8a0       ?getAllocatorCallback@Foundation@shdfnd@physx@@UAEAAVPxAllocatorCallback@3@XZ 1000f8a0 f i CmWindowsModuleUpdateLoader.obj
 0001:0000e8b0       ?getErrorCallback@Foundation@shdfnd@physx@@UAEAAVPxErrorCallback@3@XZ 1000f8b0 f i CmWindowsModuleUpdateLoader.obj
 0001:0000e8c0       ?getErrorLevel@Foundation@shdfnd@physx@@UBE?AW4Enum@PxErrorCode@3@XZ 1000f8c0 f i CmWindowsModuleUpdateLoader.obj
 0001:0000e8d0       ?getInternalErrorCallback@Foundation@shdfnd@physx@@QAEAAVPxErrorCallback@3@XZ 1000f8d0 f i CmWindowsModuleUpdateLoader.obj
 0001:0000e8e0       ?getNamedAllocMap@Foundation@shdfnd@physx@@QAEAAV?$HashMap@PBVNamedAllocator@shdfnd@physx@@PBDU?$Hash@PBVNamedAllocator@shdfnd@physx@@@23@VNonTrackingAllocator@23@@23@XZ 1000f8e0 f i CmWindowsModuleUpdateLoader.obj
 0001:0000e8f0       ?getNamedAllocMutex@Foundation@shdfnd@physx@@QAEAAV?$MutexT@VAllocator@shdfnd@physx@@@23@XZ 1000f8f0 f i CmWindowsModuleUpdateLoader.obj
 0001:0000e900       ?getReportAllocationNames@Foundation@shdfnd@physx@@UBE_NXZ 1000f900 f i CmWindowsModuleUpdateLoader.obj
 0001:0000e910       ?getTempAllocFreeTable@Foundation@shdfnd@physx@@QAEAAV?$Array@PATTempAllocatorChunk@shdfnd@physx@@VAllocator@23@@23@XZ 1000f910 f i CmWindowsModuleUpdateLoader.obj
 0001:0000e920       ?getTempAllocMutex@Foundation@shdfnd@physx@@QAEAAV?$MutexT@VAllocator@shdfnd@physx@@@23@XZ 1000f920 f i CmWindowsModuleUpdateLoader.obj
 0001:0000e930       ?setErrorLevel@Foundation@shdfnd@physx@@UAEXW4Enum@PxErrorCode@3@@Z 1000f930 f i CmWindowsModuleUpdateLoader.obj
 0001:0000e950       ?setReportAllocationNames@Foundation@shdfnd@physx@@UAEX_N@Z 1000f950 f i CmWindowsModuleUpdateLoader.obj
 0001:0000e970       ?CompleteBoxPruning@Cm@physx@@YA_NPBVPxBounds3@2@IAAV?$Array@IVNamedAllocator@shdfnd@physx@@@shdfnd@2@ABVAxes@Gu@2@@Z 1000f970 f   CmBoxPruning.obj
 0001:0000ebf0       ?BipartiteBoxPruning@Cm@physx@@YA_NPBVPxBounds3@2@I0IAAV?$Array@IVNamedAllocator@shdfnd@physx@@@shdfnd@2@ABVAxes@Gu@2@@Z 1000fbf0 f   CmBoxPruning.obj
 0001:0000f2c0       ?GetNbHits@RadixSort@Cm@physx@@QBEIXZ 100102c0 f i CmBoxPruning.obj
 0001:0000f2d0       ?GetNbTotalCalls@RadixSort@Cm@physx@@QBEIXZ 100102d0 f i CmBoxPruning.obj
 0001:0000f2e0       ?GetRanks@RadixSort@Cm@physx@@QBEPBIXZ 100102e0 f i CmBoxPruning.obj
 0001:0000f2f0       ?GetRecyclable@RadixSort@Cm@physx@@QBEPAIXZ 100102f0 f i CmBoxPruning.obj
 0001:0000f300       ?growAndPushBack@?$Array@IVNamedAllocator@shdfnd@physx@@@shdfnd@physx@@IAEAAIABI@Z 10010300 f i CmBoxPruning.obj
 0001:0000f3f0       ?invalidateRanks@RadixSort@Cm@physx@@QAEXXZ 100103f0 f i CmBoxPruning.obj
 0001:0000f400       ?PxCreateCollection@@YAPAVPxCollection@physx@@XZ 10010400 f   CmCollection.obj
 0001:0000f460       ?add@Collection@Cm@physx@@UAEXAAVPxBase@3@_K@Z 10010460 f   CmCollection.obj
 0001:0000f550       ?remove@Collection@Cm@physx@@UAEXAAVPxBase@3@@Z 10010550 f   CmCollection.obj
 0001:0000f5d0       ?contains@Collection@Cm@physx@@UBE_NAAVPxBase@3@@Z 100105d0 f   CmCollection.obj
 0001:0000f5f0       ?addId@Collection@Cm@physx@@UAEXAAVPxBase@3@_K@Z 100105f0 f   CmCollection.obj
 0001:0000f710       ?removeId@Collection@Cm@physx@@UAEX_K@Z 10010710 f   CmCollection.obj
 0001:0000f7d0       ?find@Collection@Cm@physx@@UBEPAVPxBase@3@_K@Z 100107d0 f   CmCollection.obj
 0001:0000f820       ?add@Collection@Cm@physx@@UAEXAAVPxCollection@3@@Z 10010820 f   CmCollection.obj
 0001:0000f9d0       ?remove@Collection@Cm@physx@@UAEXAAVPxCollection@3@@Z 100109d0 f   CmCollection.obj
 0001:0000fa60       ?getNbObjects@Collection@Cm@physx@@UBEIXZ 10010a60 f   CmCollection.obj
 0001:0000fa70       ?getObject@Collection@Cm@physx@@UBEAAVPxBase@3@I@Z 10010a70 f   CmCollection.obj
 0001:0000fa90       ?getObjects@Collection@Cm@physx@@UBEIPAPAVPxBase@3@II@Z 10010a90 f   CmCollection.obj
 0001:0000fb30       ?getNbIds@Collection@Cm@physx@@UBEIXZ 10010b30 f   CmCollection.obj
 0001:0000fb40       ?getId@Collection@Cm@physx@@UBE_KABVPxBase@3@@Z 10010b40 f   CmCollection.obj
 0001:0000fb80       ?getIds@Collection@Cm@physx@@UBEIPA_KII@Z 10010b80 f   CmCollection.obj
 0001:0000fe70       ??0Collection@Cm@physx@@QAE@XZ 10010e70 f i CmCollection.obj
 0001:0000ff50       ??0Iter@?$HashBase@V?$Pair@$$CB_KPAVPxBase@physx@@@shdfnd@physx@@_KU?$Hash@_K@23@UGetKey@?$HashMapBase@_KPAVPxBase@physx@@U?$Hash@_K@shdfnd@2@VNonTrackingAllocator@42@@internal@23@VNonTrackingAllocator@23@$00@internal@shdfnd@physx@@QAE@AAV1234@@Z 10010f50 f i CmCollection.obj
 0001:0000ffc0       ??1PxCollection@physx@@MAE@XZ 10010fc0 f i CmCollection.obj
 0001:0000ffd0       ??R?$Hash@_K@shdfnd@physx@@QBEIAB_K@Z 10010fd0 f i CmCollection.obj
 0001:00010090       ??_ECollection@Cm@physx@@UAEPAXI@Z 10011090 f i CmCollection.obj
 0001:00010090       ??_GCollection@Cm@physx@@UAEPAXI@Z 10011090 f i CmCollection.obj
 0001:00010120       ??_GPxCollection@physx@@MAEPAXI@Z 10011120 f i CmCollection.obj
 0001:00010120       ??_EPxCollection@physx@@MAEPAXI@Z 10011120 f i CmCollection.obj
 0001:00010150       ?create@?$HashBase@V?$Pair@$$CB_KPAVPxBase@physx@@@shdfnd@physx@@_KU?$Hash@_K@23@UGetKey@?$HashMapBase@_KPAVPxBase@physx@@U?$Hash@_K@shdfnd@2@VNonTrackingAllocator@42@@internal@23@VNonTrackingAllocator@23@$00@internal@shdfnd@physx@@QAEPAV?$Pair@$$CB_KPAVPxBase@physx@@@34@AB_KAA_N@Z 10011150 f i CmCollection.obj
 0001:00010280       ?create@?$HashBase@V?$Pair@QAVPxBase@physx@@_K@shdfnd@physx@@PAVPxBase@3@U?$Hash@PAVPxBase@physx@@@23@UGetKey@?$HashMapBase@PAVPxBase@physx@@_KU?$Hash@PAVPxBase@physx@@@shdfnd@2@VNonTrackingAllocator@42@@internal@23@VNonTrackingAllocator@23@$00@internal@shdfnd@physx@@QAEPAV?$Pair@QAVPxBase@physx@@_K@34@ABQAVPxBase@4@AA_N@Z 10011280 f i CmCollection.obj
 0001:000103e0       ?erase@?$HashBase@V?$Pair@$$CB_KPAVPxBase@physx@@@shdfnd@physx@@_KU?$Hash@_K@23@UGetKey@?$HashMapBase@_KPAVPxBase@physx@@U?$Hash@_K@shdfnd@2@VNonTrackingAllocator@42@@internal@23@VNonTrackingAllocator@23@$00@internal@shdfnd@physx@@QAE_NAB_K@Z 100113e0 f i CmCollection.obj
 0001:000104b0       ?erase@?$HashBase@V?$Pair@QAVPxBase@physx@@_K@shdfnd@physx@@PAVPxBase@3@U?$Hash@PAVPxBase@physx@@@23@UGetKey@?$HashMapBase@PAVPxBase@physx@@_KU?$Hash@PAVPxBase@physx@@@shdfnd@2@VNonTrackingAllocator@42@@internal@23@VNonTrackingAllocator@23@$00@internal@shdfnd@physx@@QAE_NABQAVPxBase@4@@Z 100114b0 f i CmCollection.obj
 0001:00010590       ?find@?$HashBase@V?$Pair@$$CB_KPAVPxBase@physx@@@shdfnd@physx@@_KU?$Hash@_K@23@UGetKey@?$HashMapBase@_KPAVPxBase@physx@@U?$Hash@_K@shdfnd@2@VNonTrackingAllocator@42@@internal@23@VNonTrackingAllocator@23@$00@internal@shdfnd@physx@@QBEPBV?$Pair@$$CB_KPAVPxBase@physx@@@34@AB_K@Z 10011590 f i CmCollection.obj
 0001:00010630       ?find@?$HashBase@V?$Pair@QAVPxBase@physx@@_K@shdfnd@physx@@PAVPxBase@3@U?$Hash@PAVPxBase@physx@@@23@UGetKey@?$HashMapBase@PAVPxBase@physx@@_KU?$Hash@PAVPxBase@physx@@@shdfnd@2@VNonTrackingAllocator@42@@internal@23@VNonTrackingAllocator@23@$00@internal@shdfnd@physx@@QBEPBV?$Pair@QAVPxBase@physx@@_K@34@ABQAVPxBase@4@@Z 10011630 f i CmCollection.obj
 0001:000106e0       ?insert@?$HashMapBase@_KPAVPxBase@physx@@U?$Hash@_K@shdfnd@2@VNonTrackingAllocator@42@@internal@shdfnd@physx@@QAE_N_KQAVPxBase@4@@Z 100116e0 f i CmCollection.obj
 0001:00010730       ?release@Collection@Cm@physx@@UAEXXZ 10011730 f i CmCollection.obj
 0001:00010740       ?replaceWithLast@?$HashBase@V?$Pair@$$CB_KPAVPxBase@physx@@@shdfnd@physx@@_KU?$Hash@_K@23@UGetKey@?$HashMapBase@_KPAVPxBase@physx@@U?$Hash@_K@shdfnd@2@VNonTrackingAllocator@42@@internal@23@VNonTrackingAllocator@23@$00@internal@shdfnd@physx@@AAEXI@Z 10011740 f i CmCollection.obj
 0001:000107e0       ?replaceWithLast@?$HashBase@V?$Pair@QAVPxBase@physx@@_K@shdfnd@physx@@PAVPxBase@3@U?$Hash@PAVPxBase@physx@@@23@UGetKey@?$HashMapBase@PAVPxBase@physx@@_KU?$Hash@PAVPxBase@physx@@@shdfnd@2@VNonTrackingAllocator@42@@internal@23@VNonTrackingAllocator@23@$00@internal@shdfnd@physx@@AAEXI@Z 100117e0 f i CmCollection.obj
 0001:000108a0       ?reserveInternal@?$HashBase@V?$Pair@$$CB_KPAVPxBase@physx@@@shdfnd@physx@@_KU?$Hash@_K@23@UGetKey@?$HashMapBase@_KPAVPxBase@physx@@U?$Hash@_K@shdfnd@2@VNonTrackingAllocator@42@@internal@23@VNonTrackingAllocator@23@$00@internal@shdfnd@physx@@AAEXI@Z 100118a0 f i CmCollection.obj
 0001:00010a80       ?reserveInternal@?$HashBase@V?$Pair@QAVPxBase@physx@@_K@shdfnd@physx@@PAVPxBase@3@U?$Hash@PAVPxBase@physx@@@23@UGetKey@?$HashMapBase@PAVPxBase@physx@@_KU?$Hash@PAVPxBase@physx@@@shdfnd@2@VNonTrackingAllocator@42@@internal@23@VNonTrackingAllocator@23@$00@internal@shdfnd@physx@@AAEXI@Z 10011a80 f i CmCollection.obj
 0001:00010c90       ?PxTransformFromPlaneEquation@physx@@YA?AVPxTransform@1@ABVPxPlane@1@@Z 10011c90 f   CmMathUtils.obj
 0001:00010e40       ?PxTransformFromSegment@physx@@YA?AVPxTransform@1@ABVPxVec3@1@0PAM@Z 10011e40 f   CmMathUtils.obj
 0001:00011030       ??0PtrTable@Cm@physx@@QAE@XZ 10012030 f   CmPtrTable.obj
 0001:00011040       ??1PtrTable@Cm@physx@@QAE@XZ 10012040 f   CmPtrTable.obj
 0001:00011050       ?add@PtrTable@Cm@physx@@QAEXPAXAAVPtrTableStorageManager@23@@Z 10012050 f   CmPtrTable.obj
 0001:00011100       ?replaceWithLast@PtrTable@Cm@physx@@QAEXIAAVPtrTableStorageManager@23@@Z 10012100 f   CmPtrTable.obj
 0001:000111d0       ?clear@PtrTable@Cm@physx@@QAEXAAVPtrTableStorageManager@23@@Z 100121d0 f   CmPtrTable.obj
 0001:00011240       ?find@PtrTable@Cm@physx@@QBEIPBX@Z 10012240 f   CmPtrTable.obj
 0001:00011280       ?exportExtraData@PtrTable@Cm@physx@@QAEXAAVPxSerializationContext@3@@Z 10012280 f   CmPtrTable.obj
 0001:000112c0       ?importExtraData@PtrTable@Cm@physx@@QAEXAAVPxDeserializationContext@3@@Z 100122c0 f   CmPtrTable.obj
 0001:000112f0       ?getBinaryMetaData@PtrTable@Cm@physx@@SAXAAVPxOutputStream@3@@Z 100122f0 f   CmPtrTable.obj
 0001:000114a0       ?realloc@PtrTable@Cm@physx@@AAEXIIAAVPtrTableStorageManager@23@@Z 100124a0 f   CmPtrTable.obj
 0001:00011650       ??0PtrTable@Cm@physx@@QAE@W4PxEMPTY@2@@Z 10012650 f i CmPtrTable.obj
 0001:00011680       ??4PtrTable@Cm@physx@@QAEAAU012@ABU012@@Z 10012680 f i CmPtrTable.obj
 0001:000116a0       ?getCount@PtrTable@Cm@physx@@QBEIXZ 100126a0 f i CmPtrTable.obj
 0001:000116b0       ?getPtrs@PtrTable@Cm@physx@@QAEPAPAXXZ 100126b0 f i CmPtrTable.obj
 0001:000116c0       ?getPtrs@PtrTable@Cm@physx@@QBEPBQAXXZ 100126c0 f i CmPtrTable.obj
 0001:000116d0       ??0RadixSort@Cm@physx@@QAE@XZ 100126d0 f   CmRadixSort.obj
 0001:00011710       ??1RadixSort@Cm@physx@@UAE@XZ 10012710 f   CmRadixSort.obj
 0001:00011720       ?Sort@RadixSort@Cm@physx@@QAEAAV123@PBIIW4RadixHint@23@@Z 10012720 f   CmRadixSort.obj
 0001:00011c80       ?Sort@RadixSort@Cm@physx@@QAEAAV123@PBMI@Z 10012c80 f   CmRadixSort.obj
 0001:000122d0       ?SetBuffers@RadixSort@Cm@physx@@QAE_NPAI00PAPAI@Z 100132d0 f   CmRadixSort.obj
 0001:00012630       ??_ERadixSort@Cm@physx@@UAEPAXI@Z 10013630 f i CmRadixSort.obj
 0001:000126c0       ??_GRadixSort@Cm@physx@@UAEPAXI@Z 100136c0 f i CmRadixSort.obj
 0001:000126f0       ??0RadixSortBuffered@Cm@physx@@QAE@XZ 100136f0 f   CmRadixSortBuffered.obj
 0001:00012710       ??1RadixSortBuffered@Cm@physx@@UAE@XZ 10013710 f   CmRadixSortBuffered.obj
 0001:00012760       ?Sort@RadixSortBuffered@Cm@physx@@QAEAAV123@PBIIW4RadixHint@23@@Z 10013760 f   CmRadixSortBuffered.obj
 0001:000127d0       ?Sort@RadixSortBuffered@Cm@physx@@QAEAAV123@PBMI@Z 100137d0 f   CmRadixSortBuffered.obj
 0001:00012840       ?Resize@RadixSortBuffered@Cm@physx@@AAE_NI@Z 10013840 f   CmRadixSortBuffered.obj
 0001:00012970       ??_ERadixSortBuffered@Cm@physx@@UAEPAXI@Z 10013970 f i CmRadixSortBuffered.obj
 0001:00012a70       ??_GRadixSortBuffered@Cm@physx@@UAEPAXI@Z 10013a70 f i CmRadixSortBuffered.obj
 0001:00012b00       ?CheckResize@RadixSortBuffered@Cm@physx@@AAEXI@Z 10013b00 f i CmRadixSortBuffered.obj
 0001:00012b40       ??6RenderOutput@Cm@physx@@QAEAAV012@W4Primitive@012@@Z 10013b40 f   CmRenderOutput.obj
 0001:00012b60       ??6RenderOutput@Cm@physx@@QAEAAV012@I@Z 10013b60 f   CmRenderOutput.obj
 0001:00012b70       ??6RenderOutput@Cm@physx@@QAEAAV012@ABVPxMat44@2@@Z 10013b70 f   CmRenderOutput.obj
 0001:00012b90       ??6RenderOutput@Cm@physx@@QAEAAV012@ABVPxTransform@2@@Z 10013b90 f   CmRenderOutput.obj
 0001:00012bc0       ??6RenderOutput@Cm@physx@@QAEAAV012@VPxVec3@2@@Z 10013bc0 f   CmRenderOutput.obj
 0001:00012f30       ??6RenderOutput@Cm@physx@@QAEAAV012@ABUDebugText@12@@Z 10013f30 f   CmRenderOutput.obj
 0001:00013120       ?outputCapsule@RenderOutput@Cm@physx@@QAEAAV123@MMABVPxMat44@3@@Z 10014120 f   CmRenderOutput.obj
 0001:000140c0       ??0DebugText@Cm@physx@@QAA@ABVPxVec3@2@MPBDZZ 100150c0 f   CmRenderOutput.obj
 0001:00014120       ??6Cm@physx@@YAAAVRenderOutput@01@AAV201@ABUDebugBox@01@@Z 10015120 f   CmRenderOutput.obj
 0001:00014570       ??6Cm@physx@@YAAAVRenderOutput@01@AAV201@ABUDebugArrow@01@@Z 10015570 f   CmRenderOutput.obj
 0001:00014930       ??6Cm@physx@@YAAAVRenderOutput@01@AAV201@ABUDebugBasis@01@@Z 10015930 f   CmRenderOutput.obj
 0001:00014a30       ??6Cm@physx@@YAAAVRenderOutput@01@AAV201@ABUDebugCircle@01@@Z 10015a30 f   CmRenderOutput.obj
 0001:00014b20       ??6Cm@physx@@YAAAVRenderOutput@01@AAV201@ABUDebugArc@01@@Z 10015b20 f   CmRenderOutput.obj
 0001:00015460       ??$__vcrt_va_start_verify_argument_type@PBD@@YAXXZ 10016460 f i CmRenderOutput.obj
 0001:00015470       ??0DebugText@Cm@physx@@QAE@$$QAU012@@Z 10016470 f i CmRenderOutput.obj
 0001:000154e0       ??0DebugText@Cm@physx@@QAE@ABU012@@Z 100164e0 f i CmRenderOutput.obj
 0001:00015550       ??0PxDebugLine@physx@@QAE@ABVPxVec3@1@0ABI@Z 10016550 f i CmRenderOutput.obj
 0001:000155b0       ??0PxDebugTriangle@physx@@QAE@ABU01@@Z 100165b0 f i CmRenderOutput.obj
 0001:00015620       ??0PxDebugTriangle@physx@@QAE@ABVPxVec3@1@00ABI@Z 10016620 f i CmRenderOutput.obj
 0001:00015690       ??0PxMat44@physx@@QAE@ABV01@@Z 10016690 f i CmRenderOutput.obj
 0001:00015720       ??0PxMat44@physx@@QAE@ABVPxTransform@1@@Z 10016720 f i CmRenderOutput.obj
 0001:00015910       ??0PxMat44@physx@@QAE@W4PxIDENTITY@1@@Z 10016910 f i CmRenderOutput.obj
 0001:000159b0       ??0RenderOutput@Cm@physx@@QAE@AAVRenderBuffer@12@@Z 100169b0 f i CmRenderOutput.obj
 0001:00015a30       ??0RenderOutput@Cm@physx@@QAE@ABV012@@Z 10016a30 f i CmRenderOutput.obj
 0001:00015aa0       ??4DebugText@Cm@physx@@QAEAAU012@$$QAU012@@Z 10016aa0 f i CmRenderOutput.obj
 0001:00015b20       ??4DebugText@Cm@physx@@QAEAAU012@ABU012@@Z 10016b20 f i CmRenderOutput.obj
 0001:00015ba0       ??4PxMat44@physx@@QAEAAV01@ABV01@@Z 10016ba0 f i CmRenderOutput.obj
 0001:00015c30       ?copy@?$Array@UPxDebugLine@physx@@VNamedAllocator@shdfnd@2@@shdfnd@physx@@KAXPAUPxDebugLine@3@0PBU43@@Z 10016c30 f i CmRenderOutput.obj
 0001:00015cc0       ?copy@?$Array@UPxDebugPoint@physx@@VNamedAllocator@shdfnd@2@@shdfnd@physx@@KAXPAUPxDebugPoint@3@0PBU43@@Z 10016cc0 f i CmRenderOutput.obj
 0001:00015d30       ?copy@?$Array@UPxDebugText@physx@@VNamedAllocator@shdfnd@2@@shdfnd@physx@@KAXPAUPxDebugText@3@0PBU43@@Z 10016d30 f i CmRenderOutput.obj
 0001:00015db0       ?copy@?$Array@UPxDebugTriangle@physx@@VNamedAllocator@shdfnd@2@@shdfnd@physx@@KAXPAUPxDebugTriangle@3@0PBU43@@Z 10016db0 f i CmRenderOutput.obj
 0001:00015e50       ?growAndPushBack@?$Array@DVNamedAllocator@shdfnd@physx@@@shdfnd@physx@@IAEAADABD@Z 10016e50 f i CmRenderOutput.obj
 0001:00015f30       ?growAndPushBack@?$Array@UPxDebugLine@physx@@VNamedAllocator@shdfnd@2@@shdfnd@physx@@IAEAAUPxDebugLine@3@ABU43@@Z 10016f30 f i CmRenderOutput.obj
 0001:00016040       ?growAndPushBack@?$Array@UPxDebugPoint@physx@@VNamedAllocator@shdfnd@2@@shdfnd@physx@@IAEAAUPxDebugPoint@3@ABU43@@Z 10017040 f i CmRenderOutput.obj
 0001:00016140       ?growAndPushBack@?$Array@UPxDebugText@physx@@VNamedAllocator@shdfnd@2@@shdfnd@physx@@IAEAAUPxDebugText@3@ABU43@@Z 10017140 f i CmRenderOutput.obj
 0001:00016250       ?growAndPushBack@?$Array@UPxDebugTriangle@physx@@VNamedAllocator@shdfnd@2@@shdfnd@physx@@IAEAAUPxDebugTriangle@3@ABU43@@Z 10017250 f i CmRenderOutput.obj
 0001:000163a0       ?outputSegment@RenderOutput@Cm@physx@@QAEXABVPxVec3@3@0@Z 100173a0 f i CmRenderOutput.obj
 0001:00016440       ?recreate@?$Array@DVNamedAllocator@shdfnd@physx@@@shdfnd@physx@@IAEXI@Z 10017440 f i CmRenderOutput.obj
 0001:000164e0       ?recreate@?$Array@UPxDebugLine@physx@@VNamedAllocator@shdfnd@2@@shdfnd@physx@@IAEXI@Z 100174e0 f i CmRenderOutput.obj
 0001:00016590       ?reserveSegments@RenderOutput@Cm@physx@@QAEPAUPxDebugLine@3@I@Z 10017590 f i CmRenderOutput.obj
 0001:000165f0       ?visualizeJointFrames@Cm@physx@@YAXAAVRenderOutput@12@MABVPxTransform@2@1@Z 100175f0 f   CmVisualization.obj
 0001:000166a0       ?visualizeLinearLimit@Cm@physx@@YAXAAVRenderOutput@12@MABVPxTransform@2@1M_N@Z 100176a0 f   CmVisualization.obj
 0001:00016930       ?visualizeAngularLimit@Cm@physx@@YAXAAVRenderOutput@12@MABVPxTransform@2@MM_N@Z 10017930 f   CmVisualization.obj
 0001:00016ae0       ?visualizeLimitCone@Cm@physx@@YAXAAVRenderOutput@12@MABVPxTransform@2@MM_N@Z 10017ae0 f   CmVisualization.obj
 0001:00016d70       ?visualizeDoubleCone@Cm@physx@@YAXAAVRenderOutput@12@MABVPxTransform@2@M_N@Z 10017d70 f   CmVisualization.obj
 0001:00017260       ?contactBoxBox@Gu@physx@@YA_NABVGeometryUnion@12@0ABVPxTransform@2@1ABUNarrowPhaseParams@12@AAUCache@12@AAVContactBuffer@12@PAVRenderOutput@Cm@2@@Z 10018260 f   GuContactBoxBox.obj
 0001:000175a0       ??0Box@Gu@physx@@QAE@ABV012@@Z 100185a0 f i GuContactBoxBox.obj
 0001:00017620       ??0Box@Gu@physx@@QAE@ABVPxVec3@2@0ABVPxMat33@2@@Z 10018620 f i GuContactBoxBox.obj
 0001:000176b0       ??0Box@Gu@physx@@QAE@XZ    100186b0 f i GuContactBoxBox.obj
 0001:000176c0       ??0GeometryUnion@Gu@physx@@QAE@ABVPxGeometry@2@@Z 100186c0 f i GuContactBoxBox.obj
 0001:000176e0       ??0GeometryUnion@Gu@physx@@QAE@W4PxEMPTY@2@@Z 100186e0 f i GuContactBoxBox.obj
 0001:000176f0       ??0GeometryUnion@Gu@physx@@QAE@XZ 100186f0 f i GuContactBoxBox.obj
 0001:00017700       ??0MaterialIndicesStruct@physx@@QAE@W4PxEMPTY@1@@Z 10018700 f i GuContactBoxBox.obj
 0001:00017710       ??0MaterialIndicesStruct@physx@@QAE@XZ 10018710 f i GuContactBoxBox.obj
 0001:00017730       ??0PxQuat@physx@@QAE@ABVPxMat33@1@@Z 10018730 f i GuContactBoxBox.obj
 0001:000179a0       ??0PxVec3@physx@@QAE@XZ    100189a0 f i GuContactBoxBox.obj
 0001:000179b0       ??0VertexInfo@@QAE@XZ      100189b0 f i GuContactBoxBox.obj
 0001:000179c0       ??1Box@Gu@physx@@QAE@XZ    100189c0 f i GuContactBoxBox.obj
 0001:000179d0       ??1MaterialIndicesStruct@physx@@QAE@XZ 100189d0 f i GuContactBoxBox.obj
 0001:000179e0       ??1PxBase@physx@@MAE@XZ    100189e0 f i GuContactBoxBox.obj
 0001:000179f0       ??1PxConvexMesh@physx@@MAE@XZ 100189f0 f i GuContactBoxBox.obj
 0001:00017a00       ??4Box@Gu@physx@@QAEABV012@ABV012@@Z 10018a00 f i GuContactBoxBox.obj
 0001:00017a80       ??4GeometryUnion@Gu@physx@@QAEAAV012@$$QAV012@@Z 10018a80 f i GuContactBoxBox.obj
 0001:00017ac0       ??4GeometryUnion@Gu@physx@@QAEAAV012@ABV012@@Z 10018ac0 f i GuContactBoxBox.obj
 0001:00017b00       ??4MaterialIndicesStruct@physx@@QAEAAU01@ABU01@@Z 10018b00 f i GuContactBoxBox.obj
 0001:00017b20       ??_EPxBase@physx@@MAEPAXI@Z 10018b20 f i GuContactBoxBox.obj
 0001:00017b20       ??_GPxBase@physx@@MAEPAXI@Z 10018b20 f i GuContactBoxBox.obj
 0001:00017b50       ??_H@YGXPAXIIP6EPAX0@Z@Z   10018b50 f i GuContactBoxBox.obj
 0001:00017b80       ?allocate@MaterialIndicesStruct@physx@@QAEXG@Z 10018b80 f i GuContactBoxBox.obj
 0001:00017bd0       ?computeAABBExtent@Box@Gu@physx@@QBE?AVPxVec3@3@XZ 10018bd0 f i GuContactBoxBox.obj
 0001:00017cb0       ?computeBoxPoints@Box@Gu@physx@@QBEXPIAVPxVec3@3@@Z 10018cb0 f i GuContactBoxBox.obj
 0001:00017ce0       ?deallocate@MaterialIndicesStruct@physx@@QAEXXZ 10018ce0 f i GuContactBoxBox.obj
 0001:0001ae40       ?getConcreteTypeName@PxConvexMesh@physx@@UBEPBDXZ 1001be40 f i GuContactBoxBox.obj
 0001:0001ae50       ?getGeometry@GeometryUnion@Gu@physx@@QBEABVPxGeometry@3@XZ 1001be50 f i GuContactBoxBox.obj
 0001:0001ae60       ?getTransform@Box@Gu@physx@@QBE?AVPxTransform@3@XZ 1001be60 f i GuContactBoxBox.obj
 0001:0001aec0       ?getType@GeometryUnion@Gu@physx@@QBE?AW4Enum@PxGeometryType@3@XZ 1001bec0 f i GuContactBoxBox.obj
 0001:0001aed0       ?isKindOf@PxBase@physx@@MBE_NPBD@Z 1001bed0 f i GuContactBoxBox.obj
 0001:0001af30       ?isKindOf@PxConvexMesh@physx@@MBE_NPBD@Z 1001bf30 f i GuContactBoxBox.obj
 0001:0001afd0       ?isReleasable@PxBase@physx@@UBE_NXZ 1001bfd0 f i GuContactBoxBox.obj
 0001:0001afe0       ?isValid@Box@Gu@physx@@QBE_NXZ 1001bfe0 f i GuContactBoxBox.obj
 0001:0001b000       ?rotate@Box@Gu@physx@@QBE?AVPxVec3@3@ABV43@@Z 1001c000 f i GuContactBoxBox.obj
 0001:0001b0d0       ?rotateInv@Box@Gu@physx@@QBE?AVPxVec3@3@ABV43@@Z 1001c0d0 f i GuContactBoxBox.obj
 0001:0001b190       ?setAxes@Box@Gu@physx@@QAEXABVPxVec3@3@00@Z 1001c190 f i GuContactBoxBox.obj
 0001:0001b1f0       ?setEmpty@Box@Gu@physx@@QAEXXZ 1001c1f0 f i GuContactBoxBox.obj
 0001:0001b280       ?transform@Box@Gu@physx@@QBE?AVPxVec3@3@ABV43@@Z 1001c280 f i GuContactBoxBox.obj
 0001:0001b370       ?contactCapsuleBox@Gu@physx@@YA_NABVGeometryUnion@12@0ABVPxTransform@2@1ABUNarrowPhaseParams@12@AAUCache@12@AAVContactBuffer@12@PAVRenderOutput@Cm@2@@Z 1001c370 f   GuContactCapsuleBox.obj
 0001:0001d0b0       ?contactCapsuleCapsule@Gu@physx@@YA_NABVGeometryUnion@12@0ABVPxTransform@2@1ABUNarrowPhaseParams@12@AAUCache@12@AAVContactBuffer@12@PAVRenderOutput@Cm@2@@Z 1001e0b0 f   GuContactCapsuleCapsule.obj
 0001:0001dca0       ??0Segment@Gu@physx@@QAE@XZ 1001eca0 f i GuContactCapsuleCapsule.obj
 0001:0001dcb0       ??1Segment@Gu@physx@@QAE@XZ 1001ecb0 f i GuContactCapsuleCapsule.obj
 0001:0001dcc0       ?contactCapsuleConvex@Gu@physx@@YA_NABVGeometryUnion@12@0ABVPxTransform@2@1ABUNarrowPhaseParams@12@AAUCache@12@AAVContactBuffer@12@PAVRenderOutput@Cm@2@@Z 1001ecc0 f   GuContactCapsuleConvex.obj
 0001:0001f050       ??$gjk@U?$LocalConvex@VCapsuleV@Gu@physx@@@Gu@physx@@U?$LocalConvex@VConvexHullV@Gu@physx@@@23@@Gu@physx@@YA?AW4GjkStatus@01@ABU?$LocalConvex@VCapsuleV@Gu@physx@@@01@ABU?$LocalConvex@VConvexHullV@Gu@physx@@@01@ABT__m128@@2AAT5@333@Z 10020050 f i GuContactCapsuleConvex.obj
 0001:00020060       ??0ConvexEdge@Gu@physx@@QAE@XZ 10021060 f i GuContactCapsuleConvex.obj
 0001:00020070       ??0ConvexMesh@Gu@physx@@QAE@V?$PxFlags@W4Enum@PxBaseFlag@physx@@G@2@@Z 10021070 f i GuContactCapsuleConvex.obj
 0001:000200d0       ??0FastVertex2ShapeScaling@Cm@physx@@QAE@XZ 100210d0 f i GuContactCapsuleConvex.obj
 0001:00020180       ??0HullPolygonData@Gu@physx@@QAE@ABU012@@Z 10021180 f i GuContactCapsuleConvex.obj
 0001:000201d0       ??0PolygonalBox@Gu@physx@@QAE@ABV012@@Z 100211d0 f i GuContactCapsuleConvex.obj
 0001:000204f0       ??0PxVec3@physx@@QAE@ABV01@@Z 100214f0 f i GuContactCapsuleConvex.obj
 0001:00020520       ??1GjkConvexBase@Gu@physx@@UAE@XZ 10021520 f i GuContactCapsuleConvex.obj
 0001:00020530       ??1RefCountable@Cm@physx@@UAE@XZ 10021530 f i GuContactCapsuleConvex.obj
 0001:00020540       ??4FPUGuard@shdfnd@physx@@QAEAAV012@ABV012@@Z 10021540 f i GuContactCapsuleConvex.obj
 0001:00020560       ??Dphysx@@YA?AVMatrix34@Cm@0@ABVPxMeshScale@0@ABVPxTransform@0@@Z 10021560 f i GuContactCapsuleConvex.obj
 0001:00020de0       ??_EConvexMesh@Gu@physx@@UAEPAXI@Z 10021de0 f i GuContactCapsuleConvex.obj
 0001:00020ee5       ??_EConvexMesh@Gu@physx@@W7AEPAXI@Z 10021ee5 f i GuContactCapsuleConvex.obj
 0001:00020ef0       ??_EPxConvexMesh@physx@@MAEPAXI@Z 10021ef0 f i GuContactCapsuleConvex.obj
 0001:00020f80       ??_G?$LocalConvex@VCapsuleV@Gu@physx@@@Gu@physx@@UAEPAXI@Z 10021f80 f i GuContactCapsuleConvex.obj
 0001:00020f80       ??_E?$LocalConvex@VCapsuleV@Gu@physx@@@Gu@physx@@UAEPAXI@Z 10021f80 f i GuContactCapsuleConvex.obj
 0001:00020fb0       ??_E?$LocalConvex@VConvexHullV@Gu@physx@@@Gu@physx@@UAEPAXI@Z 10021fb0 f i GuContactCapsuleConvex.obj
 0001:00020fb0       ??_G?$LocalConvex@VConvexHullV@Gu@physx@@@Gu@physx@@UAEPAXI@Z 10021fb0 f i GuContactCapsuleConvex.obj
 0001:00020fe0       ??_EGjkConvex@Gu@physx@@UAEPAXI@Z 10021fe0 f i GuContactCapsuleConvex.obj
 0001:00020fe0       ??_GGjkConvex@Gu@physx@@UAEPAXI@Z 10021fe0 f i GuContactCapsuleConvex.obj
 0001:00021010       ??_EGjkConvexBase@Gu@physx@@UAEPAXI@Z 10022010 f i GuContactCapsuleConvex.obj
 0001:00021010       ??_GGjkConvexBase@Gu@physx@@UAEPAXI@Z 10022010 f i GuContactCapsuleConvex.obj
 0001:00021040       ??_ERefCountable@Cm@physx@@UAEPAXI@Z 10022040 f i GuContactCapsuleConvex.obj
 0001:00021040       ??_GRefCountable@Cm@physx@@UAEPAXI@Z 10022040 f i GuContactCapsuleConvex.obj
 0001:00021070       ??__G@YGXPAX0IIP6EPAX00@Z@Z 10022070 f i GuContactCapsuleConvex.obj
 0001:000210b0       ?CubemapLookup@physx@@YA?AW4CubeIndex@1@ABVPxVec3@1@AAM1@Z 100220b0 f i GuContactCapsuleConvex.obj
 0001:000234a0       ?getCenter@?$LocalConvex@VCapsuleV@Gu@physx@@@Gu@physx@@UBE?AT__m128@@XZ 100244a0 f i GuContactCapsuleConvex.obj
 0001:000234c0       ?getCenter@?$LocalConvex@VConvexHullV@Gu@physx@@@Gu@physx@@UBE?AT__m128@@XZ 100244c0 f i GuContactCapsuleConvex.obj
 0001:000234e0       ?getIndexBuffer@ConvexMesh@Gu@physx@@UBEPBEXZ 100244e0 f i GuContactCapsuleConvex.obj
 0001:00023530       ?getInverse@PxMat33@physx@@QBE?BV12@XZ 10024530 f i GuContactCapsuleConvex.obj
 0001:00023820       ?getNbPolygons@ConvexMesh@Gu@physx@@UBEIXZ 10024820 f i GuContactCapsuleConvex.obj
 0001:00023830       ?getNbVertices@ConvexMesh@Gu@physx@@UBEIXZ 10024830 f i GuContactCapsuleConvex.obj
 0001:00023840       ?getSweepMargin@?$LocalConvex@VCapsuleV@Gu@physx@@@Gu@physx@@UBE?AT__m128@@XZ 10024840 f i GuContactCapsuleConvex.obj
 0001:00023860       ?getSweepMargin@?$LocalConvex@VConvexHullV@Gu@physx@@@Gu@physx@@UBE?AT__m128@@XZ 10024860 f i GuContactCapsuleConvex.obj
 0001:00023880       ?getSweepMargin@GjkConvex@Gu@physx@@UBE?AT__m128@@XZ 10024880 f i GuContactCapsuleConvex.obj
 0001:000238a0       ?getVertices@ConvexMesh@Gu@physx@@UBEPBVPxVec3@3@XZ 100248a0 f i GuContactCapsuleConvex.obj
 0001:000238c0       ?hillClimbing@ConvexHullV@Gu@physx@@QBEIABT__m128@@@Z 100248c0 f i GuContactCapsuleConvex.obj
 0001:00023b60       ?init@FastVertex2ShapeScaling@Cm@physx@@QAEXABVPxVec3@3@ABVPxQuat@3@@Z 10024b60 f i GuContactCapsuleConvex.obj
 0001:00024230       ?onRefCountZero@RefCountable@Cm@physx@@UAEXXZ 10025230 f i GuContactCapsuleConvex.obj
 0001:00024380       ?requires@ConvexMesh@Gu@physx@@UAEXAAVPxProcessPxBaseCallback@3@@Z 10025380 f i GuContactCapsuleConvex.obj
 0001:00024390       ?support@?$LocalConvex@VCapsuleV@Gu@physx@@@Gu@physx@@UBE?AT__m128@@ABT4@@Z 10025390 f i GuContactCapsuleConvex.obj
 0001:00024410       ?support@?$LocalConvex@VCapsuleV@Gu@physx@@@Gu@physx@@UBE?AT__m128@@ABT4@AAHPAT4@@Z 10025410 f i GuContactCapsuleConvex.obj
 0001:000244b0       ?support@?$LocalConvex@VConvexHullV@Gu@physx@@@Gu@physx@@UBE?AT__m128@@ABT4@@Z 100254b0 f i GuContactCapsuleConvex.obj
 0001:000245a0       ?support@?$LocalConvex@VConvexHullV@Gu@physx@@@Gu@physx@@UBE?AT__m128@@ABT4@AAHPAT4@@Z 100255a0 f i GuContactCapsuleConvex.obj
 0001:00024690       ?support@GjkConvex@Gu@physx@@UBE?AT__m128@@ABT4@@Z 10025690 f i GuContactCapsuleConvex.obj
 0001:000246b0       ?support@GjkConvex@Gu@physx@@UBE?AT__m128@@ABT4@AAHPAT4@@Z 100256b0 f i GuContactCapsuleConvex.obj
 0001:000246e0       ?supportPoint@?$LocalConvex@VCapsuleV@Gu@physx@@@Gu@physx@@UBE?AT__m128@@HPAT4@@Z 100256e0 f i GuContactCapsuleConvex.obj
 0001:00024710       ?supportPoint@?$LocalConvex@VConvexHullV@Gu@physx@@@Gu@physx@@UBE?AT__m128@@HPAT4@@Z 10025710 f i GuContactCapsuleConvex.obj
 0001:00024770       ?supportPoint@GjkConvex@Gu@physx@@UBE?AT__m128@@HPAT4@@Z 10025770 f i GuContactCapsuleConvex.obj
 0001:00024790       ?supportVertexIndex@ConvexHullV@Gu@physx@@QBEIABT__m128@@@Z 10025790 f i GuContactCapsuleConvex.obj
 0001:00024850       ?contactCapsuleMesh@Gu@physx@@YA_NABVGeometryUnion@12@0ABVPxTransform@2@1ABUNarrowPhaseParams@12@AAUCache@12@AAVContactBuffer@12@PAVRenderOutput@Cm@2@@Z 10025850 f   GuContactCapsuleMesh.obj
 0001:00025020       ?contactCapsuleHeightfield@Gu@physx@@YA_NABVGeometryUnion@12@0ABVPxTransform@2@1ABUNarrowPhaseParams@12@AAUCache@12@AAVContactBuffer@12@PAVRenderOutput@Cm@2@@Z 10026020 f   GuContactCapsuleMesh.obj
 0001:00025cb0       ??0HeightFieldData@Gu@physx@@QAE@$$QAU012@@Z 10026cb0 f i GuContactCapsuleMesh.obj
 0001:00025d40       ??0HeightFieldData@Gu@physx@@QAE@ABU012@@Z 10026d40 f i GuContactCapsuleMesh.obj
 0001:00025dd0       ??0HeightFieldData@Gu@physx@@QAE@W4PxEMPTY@2@@Z 10026dd0 f i GuContactCapsuleMesh.obj
 0001:00025de0       ??0HeightFieldData@Gu@physx@@QAE@XZ 10026de0 f i GuContactCapsuleMesh.obj
 0001:00025df0       ??0HeightFieldTraceUtil@Gu@physx@@QAE@ABVPxHeightFieldGeometry@2@@Z 10026df0 f i GuContactCapsuleMesh.obj
 0001:00025e40       ??0HeightFieldUtil@Gu@physx@@QAE@ABVPxHeightFieldGeometry@2@@Z 10026e40 f i GuContactCapsuleMesh.obj
 0001:00025e90       ??0HeightFieldUtil@Gu@physx@@QAE@XZ 10026e90 f i GuContactCapsuleMesh.obj
 0001:00025ea0       ??1?$EntityReport@I@Gu@physx@@UAE@XZ 10026ea0 f i GuContactCapsuleMesh.obj
 0001:00025eb0       ??1?$MeshHitCallback@UPxRaycastHit@physx@@@Gu@physx@@UAE@XZ 10026eb0 f i GuContactCapsuleMesh.obj
 0001:00025ec0       ??1HeightFieldData@Gu@physx@@QAE@XZ 10026ec0 f i GuContactCapsuleMesh.obj
 0001:00025ed0       ??1PxHeightField@physx@@MAE@XZ 10026ed0 f i GuContactCapsuleMesh.obj
 0001:00025ee0       ??4HeightFieldData@Gu@physx@@QAEAAU012@$$QAU012@@Z 10026ee0 f i GuContactCapsuleMesh.obj
 0001:00025f70       ??4HeightFieldData@Gu@physx@@QAEAAU012@ABU012@@Z 10026f70 f i GuContactCapsuleMesh.obj
 0001:00026000       ??4HeightFieldTraceUtil@Gu@physx@@QAEAAV012@$$QAV012@@Z 10027000 f i GuContactCapsuleMesh.obj
 0001:00026020       ??4HeightFieldTraceUtil@Gu@physx@@QAEAAV012@ABV012@@Z 10027020 f i GuContactCapsuleMesh.obj
 0001:00026040       ??4HeightFieldUtil@Gu@physx@@QAEAAV012@$$QAV012@@Z 10027040 f i GuContactCapsuleMesh.obj
 0001:00026080       ??4HeightFieldUtil@Gu@physx@@QAEAAV012@ABV012@@Z 10027080 f i GuContactCapsuleMesh.obj
 0001:000260a0       ??_G?$EntityReport@I@Gu@physx@@UAEPAXI@Z 100270a0 f i GuContactCapsuleMesh.obj
 0001:000260a0       ??_E?$EntityReport@I@Gu@physx@@UAEPAXI@Z 100270a0 f i GuContactCapsuleMesh.obj
 0001:000260d0       ??_E?$MeshHitCallback@UPxRaycastHit@physx@@@Gu@physx@@UAEPAXI@Z 100270d0 f i GuContactCapsuleMesh.obj
 0001:000260d0       ??_G?$MeshHitCallback@UPxRaycastHit@physx@@@Gu@physx@@UAEPAXI@Z 100270d0 f i GuContactCapsuleMesh.obj
 0001:00026100       ??_GCapsuleHeightfieldContactGenerationCallback@?A0x3066b128@@UAEPAXI@Z 10027100 f i GuContactCapsuleMesh.obj
 0001:00026100       ??_ECapsuleHeightfieldContactGenerationCallback@?A0x3066b128@@UAEPAXI@Z 10027100 f i GuContactCapsuleMesh.obj
 0001:00026130       ??_ECapsuleMeshContactGenerationCallback_NoScale@?A0x3066b128@@UAEPAXI@Z 10027130 f i GuContactCapsuleMesh.obj
 0001:00026130       ??_GCapsuleMeshContactGenerationCallback_NoScale@?A0x3066b128@@UAEPAXI@Z 10027130 f i GuContactCapsuleMesh.obj
 0001:00026160       ??_ECapsuleMeshContactGenerationCallback_Scale@?A0x3066b128@@UAEPAXI@Z 10027160 f i GuContactCapsuleMesh.obj
 0001:00026160       ??_GCapsuleMeshContactGenerationCallback_Scale@?A0x3066b128@@UAEPAXI@Z 10027160 f i GuContactCapsuleMesh.obj
 0001:00027690       ?ceilUp@HeightFieldTraceUtil@Gu@physx@@SAMM@Z 10028690 f i GuContactCapsuleMesh.obj
 0001:000276e0       ?clipShapeNormalToVertexVoronoi@HeightFieldUtil@Gu@physx@@QBE_NAAVPxVec3@3@III@Z 100286e0 f i GuContactCapsuleMesh.obj
 0001:00027b60       ?computePointNormal@HeightFieldUtil@Gu@physx@@QBE?AVPxVec3@3@IABV43@ABVPxTransform@3@MMMMAAM@Z 10028b60 f i GuContactCapsuleMesh.obj
 0001:00028080       ?floorDown@HeightFieldTraceUtil@Gu@physx@@SAMM@Z 10029080 f i GuContactCapsuleMesh.obj
 0001:00028110       ?getConcreteTypeName@PxHeightField@physx@@UBEPBDXZ 10029110 f i GuContactCapsuleMesh.obj
 0001:00028120       ?getConvexEdgeThreshold@HeightField@Gu@physx@@UBEMXZ 10029120 f i GuContactCapsuleMesh.obj
 0001:00028130       ?getFeatureIndex@HeightFieldUtil@Gu@physx@@SAII@Z 10029130 f i GuContactCapsuleMesh.obj
 0001:00028140       ?getFeatureType@HeightFieldUtil@Gu@physx@@SA?AW4Feature@123@I@Z 10029140 f i GuContactCapsuleMesh.obj
 0001:00028150       ?getFlags@HeightField@Gu@physx@@UBE?AV?$PxFlags@W4Enum@PxHeightFieldFlag@physx@@G@3@XZ 10029150 f i GuContactCapsuleMesh.obj
 0001:00028170       ?getFormat@HeightField@Gu@physx@@UBE?AW4Enum@PxHeightFieldFormat@3@XZ 10029170 f i GuContactCapsuleMesh.obj
 0001:00028180       ?getHeight@HeightField@Gu@physx@@UBEMMM@Z 10029180 f i GuContactCapsuleMesh.obj
 0001:000281f0       ?getHeightAtShapePoint2@HeightFieldUtil@Gu@physx@@QBEMIMM@Z 100291f0 f i GuContactCapsuleMesh.obj
 0001:00028240       ?getHeightAtShapePoint@HeightFieldUtil@Gu@physx@@QBEMMM@Z 10029240 f i GuContactCapsuleMesh.obj
 0001:000282c0       ?getHeightField@HeightFieldUtil@Gu@physx@@QBEABVHeightField@23@XZ 100292c0 f i GuContactCapsuleMesh.obj
 0001:000282d0       ?getHeightFieldGeometry@HeightFieldUtil@Gu@physx@@QBEABVPxHeightFieldGeometry@3@XZ 100292d0 f i GuContactCapsuleMesh.obj
 0001:000282e0       ?getHeightInternal2@HeightField@Gu@physx@@QBEMIMM@Z 100292e0 f i GuContactCapsuleMesh.obj
 0001:00028480       ?getNbColumns@HeightField@Gu@physx@@UBEIXZ 10029480 f i GuContactCapsuleMesh.obj
 0001:00028490       ?getNbRows@HeightField@Gu@physx@@UBEIXZ 10029490 f i GuContactCapsuleMesh.obj
 0001:000284a0       ?getNormalAtShapePoint2@HeightFieldUtil@Gu@physx@@QBE?AVPxVec3@3@IMM@Z 100294a0 f i GuContactCapsuleMesh.obj
 0001:00028510       ?getNormalAtShapePoint@HeightFieldUtil@Gu@physx@@QBE?AVPxVec3@3@MM@Z 10029510 f i GuContactCapsuleMesh.obj
 0001:000285e0       ?getNormal_2@HeightField@Gu@physx@@QBE?AVPxVec3@3@IMMMMM@Z 100295e0 f i GuContactCapsuleMesh.obj
 0001:00028730       ?getOneOverColumnScale@HeightFieldUtil@Gu@physx@@QBEMXZ 10029730 f i GuContactCapsuleMesh.obj
 0001:00028740       ?getOneOverHeightScale@HeightFieldUtil@Gu@physx@@QBEMXZ 10029740 f i GuContactCapsuleMesh.obj
 0001:00028750       ?getOneOverRowScale@HeightFieldUtil@Gu@physx@@QBEMXZ 10029750 f i GuContactCapsuleMesh.obj
 0001:00028760       ?getPaddedBounds@HeightFieldData@Gu@physx@@QBEABVCenterExtentsPadded@23@XZ 10029760 f i GuContactCapsuleMesh.obj
 0001:00028770       ?getSampleStride@HeightField@Gu@physx@@UBEIXZ 10029770 f i GuContactCapsuleMesh.obj
 0001:00028780       ?getThickness@HeightField@Gu@physx@@UBEMXZ 10029780 f i GuContactCapsuleMesh.obj
 0001:00028790       ?getTimestamp@HeightField@Gu@physx@@UBEIXZ 10029790 f i GuContactCapsuleMesh.obj
 0001:000287a0       ?getTriangleMaterialIndex@HeightField@Gu@physx@@UBEGI@Z 100297a0 f i GuContactCapsuleMesh.obj
 0001:000287e0       ?getTriangleNormal@HeightField@Gu@physx@@UBE?AVPxVec3@3@I@Z 100297e0 f i GuContactCapsuleMesh.obj
 0001:00028800       ?getTriangleNormalInternal@HeightField@Gu@physx@@QBE?AVPxVec3@3@I@Z 10029800 f i GuContactCapsuleMesh.obj
 0001:00028940       ?getTriangleVertexIndices@HeightField@Gu@physx@@QBEXIAAI00@Z 10029940 f i GuContactCapsuleMesh.obj
 0001:00028a00       ?getVertexNormal@HeightFieldUtil@Gu@physx@@QBE?AVPxVec3@3@I@Z 10029a00 f i GuContactCapsuleMesh.obj
 0001:00028a30       ?hf2shapen@HeightFieldUtil@Gu@physx@@QBE?AVPxVec3@3@ABV43@@Z 10029a30 f i GuContactCapsuleMesh.obj
 0001:00028a80       ?hf2shapep@HeightFieldUtil@Gu@physx@@QBE?AVPxVec3@3@ABV43@@Z 10029a80 f i GuContactCapsuleMesh.obj
 0001:00028ad0       ?hf2worldn@HeightFieldUtil@Gu@physx@@QBE?AVPxVec3@3@ABVPxTransform@3@ABV43@@Z 10029ad0 f i GuContactCapsuleMesh.obj
 0001:00028c40       ?hf2worldp@HeightFieldUtil@Gu@physx@@QBE?AVPxVec3@3@ABVPxTransform@3@ABV43@@Z 10029c40 f i GuContactCapsuleMesh.obj
 0001:00028de0       ?initialize@HeightFieldUtil@Gu@physx@@QAEXABVPxHeightFieldGeometry@3@ABVHeightField@23@@Z 10029de0 f i GuContactCapsuleMesh.obj
 0001:00028e30       ?initialize@HeightFieldUtil@Gu@physx@@QAEXXZ 10029e30 f i GuContactCapsuleMesh.obj
 0001:00028e70       ?isCollisionVertex@HeightFieldUtil@Gu@physx@@QBE_NIII@Z 10029e70 f i GuContactCapsuleMesh.obj
 0001:00028e90       ?isKindOf@PxHeightField@physx@@MBE_NPBD@Z 10029e90 f i GuContactCapsuleMesh.obj
 0001:00028f30       ?isQueryVertex@HeightFieldUtil@Gu@physx@@QBE_NIII@Z 10029f30 f i GuContactCapsuleMesh.obj
 0001:00028fe0       ?isShapePointOnHeightField@HeightFieldUtil@Gu@physx@@QBE_NMM@Z 10029fe0 f i GuContactCapsuleMesh.obj
 0001:00029050       ?makeFeatureCode@HeightFieldUtil@Gu@physx@@SAIIW4Feature@123@@Z 1002a050 f i GuContactCapsuleMesh.obj
 0001:00029d00       ?shape2hfp@HeightFieldUtil@Gu@physx@@QBE?AVPxVec3@3@ABV43@@Z 1002ad00 f i GuContactCapsuleMesh.obj
 0001:00029d50       ?transformFast@PxBounds3@physx@@SA?AV12@ABVPxTransform@2@ABV12@@Z 1002ad50 f i GuContactCapsuleMesh.obj
 0001:0002a1f0       ?contactBoxConvex@Gu@physx@@YA_NABVGeometryUnion@12@0ABVPxTransform@2@1ABUNarrowPhaseParams@12@AAUCache@12@AAVContactBuffer@12@PAVRenderOutput@Cm@2@@Z 1002b1f0 f   GuContactConvexConvex.obj
 0001:0002a2e0       ?contactConvexConvex@Gu@physx@@YA_NABVGeometryUnion@12@0ABVPxTransform@2@1ABUNarrowPhaseParams@12@AAUCache@12@AAVContactBuffer@12@PAVRenderOutput@Cm@2@@Z 1002b2e0 f   GuContactConvexConvex.obj
 0001:0002a3e0       ??0SeparatingAxes@Gu@physx@@QAE@$$QAV012@@Z 1002b3e0 f i GuContactConvexConvex.obj
 0001:0002a4e0       ??0SeparatingAxes@Gu@physx@@QAE@ABV012@@Z 1002b4e0 f i GuContactConvexConvex.obj
 0001:0002a5e0       ??0SeparatingAxes@Gu@physx@@QAE@XZ 1002b5e0 f i GuContactConvexConvex.obj
 0001:0002a5f0       ??4SeparatingAxes@Gu@physx@@QAEAAV012@$$QAV012@@Z 1002b5f0 f i GuContactConvexConvex.obj
 0001:0002a6f0       ??4SeparatingAxes@Gu@physx@@QAEAAV012@ABV012@@Z 1002b6f0 f i GuContactConvexConvex.obj
 0001:0002f4a0       ?getAxes@SeparatingAxes@Gu@physx@@QBEPBVPxVec3@3@XZ 100304a0 f i GuContactConvexConvex.obj
 0001:0002f4b0       ?getNumAxes@SeparatingAxes@Gu@physx@@QBEIXZ 100304b0 f i GuContactConvexConvex.obj
 0001:0002fa00       ?reset@SeparatingAxes@Gu@physx@@QAEXXZ 10030a00 f i GuContactConvexConvex.obj
 0001:0002fa10       ?contactBoxMesh@Gu@physx@@YA_NABVGeometryUnion@12@0ABVPxTransform@2@1ABUNarrowPhaseParams@12@AAUCache@12@AAVContactBuffer@12@PAVRenderOutput@Cm@2@@Z 10030a10 f   GuContactConvexMesh.obj
 0001:0002fb30       ?contactConvexMesh@Gu@physx@@YA_NABVGeometryUnion@12@0ABVPxTransform@2@1ABUNarrowPhaseParams@12@AAUCache@12@AAVContactBuffer@12@PAVRenderOutput@Cm@2@@Z 10030b30 f   GuContactConvexMesh.obj
 0001:0002fc00       ?contactBoxHeightfield@Gu@physx@@YA_NABVGeometryUnion@12@0ABVPxTransform@2@1ABUNarrowPhaseParams@12@AAUCache@12@AAVContactBuffer@12@PAVRenderOutput@Cm@2@@Z 10030c00 f   GuContactConvexMesh.obj
 0001:0002fcc0       ?contactConvexHeightfield@Gu@physx@@YA_NABVGeometryUnion@12@0ABVPxTransform@2@1ABUNarrowPhaseParams@12@AAUCache@12@AAVContactBuffer@12@PAVRenderOutput@Cm@2@@Z 10030cc0 f   GuContactConvexMesh.obj
 0001:0002fe50       ??0?$InlineArray@I$0EEA@VNamedAllocator@shdfnd@physx@@@shdfnd@physx@@QAE@ABVNamedAllocator@12@@Z 10030e50 f i GuContactConvexMesh.obj
 0001:0002ff40       ??0CachedEdge@Gu@physx@@QAE@XZ 10030f40 f i GuContactConvexMesh.obj
 0001:0002ff50       ??0CachedVertex@Gu@physx@@QAE@XZ 10030f50 f i GuContactConvexMesh.obj
 0001:00030600       ??_EConvexMeshContactGenerationCallback@@UAEPAXI@Z 10031600 f i GuContactConvexMesh.obj
 0001:00030600       ??_GConvexMeshContactGenerationCallback@@UAEPAXI@Z 10031600 f i GuContactConvexMesh.obj
 0001:00030630       ??_GConvexVsHeightfieldContactGenerationCallback@?A0xbbae0f51@@UAEPAXI@Z 10031630 f i GuContactConvexMesh.obj
 0001:00030630       ??_EConvexVsHeightfieldContactGenerationCallback@?A0xbbae0f51@@UAEPAXI@Z 10031630 f i GuContactConvexMesh.obj
 0001:00030660       ?addData@?$CacheMap@UCachedEdge@Gu@physx@@$0IA@@Gu@physx@@QAE_NABUCachedEdge@23@@Z 10031660 f i GuContactConvexMesh.obj
 0001:00030790       ?addData@?$CacheMap@UCachedVertex@Gu@physx@@$0IA@@Gu@physx@@QAE_NABUCachedVertex@23@@Z 10031790 f i GuContactConvexMesh.obj
 0001:00030850       ?allocate@?$Array@IV?$InlineAllocator@$0BBAA@VNamedAllocator@shdfnd@physx@@@shdfnd@physx@@@shdfnd@physx@@IAEPAII@Z 10031850 f i GuContactConvexMesh.obj
 0001:00032170       ?contains@?$CacheMap@UCachedEdge@Gu@physx@@$0IA@@Gu@physx@@QBE_NABUCachedEdge@23@@Z 10033170 f i GuContactConvexMesh.obj
 0001:00032210       ?contains@?$CacheMap@UCachedVertex@Gu@physx@@$0IA@@Gu@physx@@QBE_NABUCachedVertex@23@@Z 10033210 f i GuContactConvexMesh.obj
 0001:00034c30       ?processHit@ConvexMeshContactGenerationCallback@@UAE_NABUPxRaycastHit@physx@@ABVPxVec3@3@11AAMPBI@Z 10035c30 f i GuContactConvexMesh.obj
 0001:00035550       ?recreate@?$Array@IV?$InlineAllocator@$0BBAA@VNamedAllocator@shdfnd@physx@@@shdfnd@physx@@@shdfnd@physx@@IAEXI@Z 10036550 f i GuContactConvexMesh.obj
 0001:00036960       ?contactPlaneBox@Gu@physx@@YA_NABVGeometryUnion@12@0ABVPxTransform@2@1ABUNarrowPhaseParams@12@AAUCache@12@AAVContactBuffer@12@PAVRenderOutput@Cm@2@@Z 10037960 f   GuContactPlaneBox.obj
 0001:000379a0       ?contactPlaneCapsule@Gu@physx@@YA_NABVGeometryUnion@12@0ABVPxTransform@2@1ABUNarrowPhaseParams@12@AAUCache@12@AAVContactBuffer@12@PAVRenderOutput@Cm@2@@Z 100389a0 f   GuContactPlaneCapsule.obj
 0001:000381d0       ?contactPlaneConvex@Gu@physx@@YA_NABVGeometryUnion@12@0ABVPxTransform@2@1ABUNarrowPhaseParams@12@AAUCache@12@AAVContactBuffer@12@PAVRenderOutput@Cm@2@@Z 100391d0 f   GuContactPlaneConvex.obj
 0001:00038ca0       ?findRotationMatrixFromZ@Gu@physx@@YA?AVPxMat33@2@ABVPxVec3@2@@Z 10039ca0 f   GuContactPolygonPolygon.obj
 0001:00038f30       ?contactPolygonPolygonExt@Gu@physx@@YA_NIPBVPxVec3@2@PBEABVMatrix34@Cm@2@ABVPxPlane@2@ABVPxMat33@2@I01234ABV32@22IIAAVContactBuffer@12@_N5M@Z 10039f30 f   GuContactPolygonPolygon.obj
 0001:0003b850       ?contactSphereBox@Gu@physx@@YA_NABVGeometryUnion@12@0ABVPxTransform@2@1ABUNarrowPhaseParams@12@AAUCache@12@AAVContactBuffer@12@PAVRenderOutput@Cm@2@@Z 1003c850 f   GuContactSphereBox.obj
 0001:0003bec0       ?contactSphereCapsule@Gu@physx@@YA_NABVGeometryUnion@12@0ABVPxTransform@2@1ABUNarrowPhaseParams@12@AAUCache@12@AAVContactBuffer@12@PAVRenderOutput@Cm@2@@Z 1003cec0 f   GuContactSphereCapsule.obj
 0001:0003c2d0       ?contactSphereMesh@Gu@physx@@YA_NABVGeometryUnion@12@0ABVPxTransform@2@1ABUNarrowPhaseParams@12@AAUCache@12@AAVContactBuffer@12@PAVRenderOutput@Cm@2@@Z 1003d2d0 f   GuContactSphereMesh.obj
 0001:0003c940       ?contactSphereHeightfield@Gu@physx@@YA_NABVGeometryUnion@12@0ABVPxTransform@2@1ABUNarrowPhaseParams@12@AAUCache@12@AAVContactBuffer@12@PAVRenderOutput@Cm@2@@Z 1003d940 f   GuContactSphereMesh.obj
 0001:0003cdd0       ??$median3@USortKey@@$$CBU?$Less@USortKey@@@shdfnd@physx@@@internal@shdfnd@physx@@YAXPAUSortKey@@HHABU?$Less@USortKey@@@12@@Z 1003ddd0 f i GuContactSphereMesh.obj
 0001:0003ced0       ??$partition@USortKey@@$$CBU?$Less@USortKey@@@shdfnd@physx@@@internal@shdfnd@physx@@YAHPAUSortKey@@HHABU?$Less@USortKey@@@12@@Z 1003ded0 f i GuContactSphereMesh.obj
 0001:0003cf90       ??$smallSort@USortKey@@$$CBU?$Less@USortKey@@@shdfnd@physx@@@internal@shdfnd@physx@@YAXPAUSortKey@@HHABU?$Less@USortKey@@@12@@Z 1003df90 f i GuContactSphereMesh.obj
 0001:0003d140       ??$sort@USortKey@@U?$Less@USortKey@@@shdfnd@physx@@VNullAllocator@?A0x41142345@@@shdfnd@physx@@YAXPAUSortKey@@IABU?$Less@USortKey@@@01@ABVNullAllocator@?A0x41142345@@I@Z 1003e140 f i GuContactSphereMesh.obj
 0001:0003d310       ??0TriangleData@@QAE@XZ    1003e310 f i GuContactSphereMesh.obj
 0001:0003d360       ??_ESphereHeightfieldContactGenerationCallback@?A0x41142345@@UAEPAXI@Z 1003e360 f i GuContactSphereMesh.obj
 0001:0003d360       ??_GSphereHeightfieldContactGenerationCallback@?A0x41142345@@UAEPAXI@Z 1003e360 f i GuContactSphereMesh.obj
 0001:0003d390       ??_GSphereMeshContactGenerationCallback_NoScale@?A0x41142345@@UAEPAXI@Z 1003e390 f i GuContactSphereMesh.obj
 0001:0003d390       ??_ESphereMeshContactGenerationCallback_NoScale@?A0x41142345@@UAEPAXI@Z 1003e390 f i GuContactSphereMesh.obj
 0001:0003d3e0       ??_GSphereMeshContactGenerationCallback_Scale@?A0x41142345@@UAEPAXI@Z 1003e3e0 f i GuContactSphereMesh.obj
 0001:0003d3e0       ??_ESphereMeshContactGenerationCallback_Scale@?A0x41142345@@UAEPAXI@Z 1003e3e0 f i GuContactSphereMesh.obj
 0001:0003f5d0       ?contactSpherePlane@Gu@physx@@YA_NABVGeometryUnion@12@0ABVPxTransform@2@1ABUNarrowPhaseParams@12@AAUCache@12@AAVContactBuffer@12@PAVRenderOutput@Cm@2@@Z 100405d0 f   GuContactSpherePlane.obj
 0001:0003f7c0       ?contactSphereSphere@Gu@physx@@YA_NABVGeometryUnion@12@0ABVPxTransform@2@1ABUNarrowPhaseParams@12@AAUCache@12@AAVContactBuffer@12@PAVRenderOutput@Cm@2@@Z 100407c0 f   GuContactSphereSphere.obj
 0001:0003f950       ?selectNormal@Gu@physx@@YA_NEMM@Z 10040950 f   GuFeatureCode.obj
 0001:0003fae0       ?legacyContactBoxHeightfield@Gu@physx@@YA_NABVGeometryUnion@12@0ABVPxTransform@2@1ABUNarrowPhaseParams@12@AAUCache@12@AAVContactBuffer@12@PAVRenderOutput@Cm@2@@Z 10040ae0 f   GuLegacyContactBoxHeightField.obj
 0001:000429c0       ??$traceSegment@UGuContactTraceSegmentCallback@Gu@physx@@$00$0A@@HeightFieldTraceUtil@Gu@physx@@QBEXABVPxVec3@2@0MPAUGuContactTraceSegmentCallback@12@ABVPxBounds3@2@_NPBV32@@Z 100439c0 f i GuLegacyContactBoxHeightField.obj
 0001:00043c60       ?underFaceHit@GuContactTraceSegmentCallback@Gu@physx@@QAE_NABVHeightFieldUtil@23@ABVPxVec3@3@1MMMI@Z 10044c60 f i GuLegacyContactBoxHeightField.obj
 0001:00044050       ?legacyContactCapsuleHeightfield@Gu@physx@@YA_NABVGeometryUnion@12@0ABVPxTransform@2@1ABUNarrowPhaseParams@12@AAUCache@12@AAVContactBuffer@12@PAVRenderOutput@Cm@2@@Z 10045050 f   GuLegacyContactCapsuleHeightField.obj
 0001:00046d50       ?getEdgeTriangleIndices@HeightField@Gu@physx@@QBEIIQAI@Z 10047d50 f i GuLegacyContactCapsuleHeightField.obj
 0001:00046ea0       ?legacyContactConvexHeightfield@Gu@physx@@YA_NABVGeometryUnion@12@0ABVPxTransform@2@1ABUNarrowPhaseParams@12@AAUCache@12@AAVContactBuffer@12@PAVRenderOutput@Cm@2@@Z 10047ea0 f   GuLegacyContactConvexHeightField.obj
 0001:00049640       ?legacyContactSphereHeightfield@Gu@physx@@YA_NABVGeometryUnion@12@0ABVPxTransform@2@1ABUNarrowPhaseParams@12@AAUCache@12@AAVContactBuffer@12@PAVRenderOutput@Cm@2@@Z 1004a640 f   GuLegacyContactSphereHeightField.obj
 0001:00049670       ?GuContactSphereHeightFieldShared@@YA_NABVGeometryUnion@Gu@physx@@0ABVPxTransform@3@1ABUNarrowPhaseParams@23@AAUCache@23@AAVContactBuffer@23@PAVRenderOutput@Cm@3@_N@Z 1004a670 f   GuLegacyContactSphereHeightField.obj
 0001:0004b830       ?barycentricCoordinates@Gu@physx@@YAXABT__m128@@00AAT3@@Z 1004c830 f   GuBarycentricCoordinates.obj
 0001:0004b890       ?barycentricCoordinates@Gu@physx@@YAXABT__m128@@000AAT3@1@Z 1004c890 f   GuBarycentricCoordinates.obj
 0001:0004b9e0       ?barycentricCoordinates@Gu@physx@@YAXABT__m128@@00AAT3@1@Z 1004c9e0 f   GuBarycentricCoordinates.obj
 0001:0004bb70       ?addAxis@SeparatingAxes@Gu@physx@@QAE_NABVPxVec3@3@@Z 1004cb70 f   GuSeparatingAxes.obj
 0001:0004bc40       ??0BigConvexData@physx@@QAE@XZ 1004cc40 f   GuBigConvexData.obj
 0001:0004bc60       ??1BigConvexData@physx@@QAE@XZ 1004cc60 f   GuBigConvexData.obj
 0001:0004bcc0       ?Load@BigConvexData@physx@@QAE_NAAVPxInputStream@2@@Z 1004ccc0 f   GuBigConvexData.obj
 0001:0004bd80       ?ComputeOffset@BigConvexData@physx@@QBEIABVPxVec3@2@@Z 1004cd80 f   GuBigConvexData.obj
 0001:0004be10       ?ComputeNearestOffset@BigConvexData@physx@@QBEIABVPxVec3@2@@Z 1004ce10 f   GuBigConvexData.obj
 0001:0004beb0       ?exportExtraData@BigConvexData@physx@@QAEXAAVPxSerializationContext@2@@Z 1004ceb0 f   GuBigConvexData.obj
 0001:0004bf10       ?importExtraData@BigConvexData@physx@@QAEXAAVPxDeserializationContext@2@@Z 1004cf10 f   GuBigConvexData.obj
 0001:0004bf70       ?CreateOffsets@BigConvexData@physx@@IAEXXZ 1004cf70 f   GuBigConvexData.obj
 0001:0004bfa0       ?VLoad@BigConvexData@physx@@IAE_NAAVPxInputStream@2@@Z 1004cfa0 f   GuBigConvexData.obj
 0001:0004c200       ??0BigConvexData@physx@@QAE@W4PxEMPTY@1@@Z 1004d200 f i GuBigConvexData.obj
 0001:0004c210       ??4BigConvexData@physx@@QAEAAV01@ABV01@@Z 1004d210 f i GuBigConvexData.obj
 0001:0004c240       ?GetAdjacentVerts@BigConvexData@physx@@QBEPBEXZ 1004d240 f i GuBigConvexData.obj
 0001:0004c250       ?GetNbNeighbors@BigConvexData@physx@@QBEGI@Z 1004d250 f i GuBigConvexData.obj
 0001:0004c270       ?GetNbSamples@BigConvexData@physx@@QBEIXZ 1004d270 f i GuBigConvexData.obj
 0001:0004c280       ?GetNbVerts@BigConvexData@physx@@QBEIXZ 1004d280 f i GuBigConvexData.obj
 0001:0004c290       ?GetNeighbors@BigConvexData@physx@@QBEPBEI@Z 1004d290 f i GuBigConvexData.obj
 0001:0004c2b0       ?GetOffset@BigConvexData@physx@@QBEGI@Z 1004d2b0 f i GuBigConvexData.obj
 0001:0004c2d0       ?GetSubdiv@BigConvexData@physx@@QBEIXZ 1004d2d0 f i GuBigConvexData.obj
 0001:0004c2e0       ?GetValencies@BigConvexData@physx@@QBEPBUValency@Gu@2@XZ 1004d2e0 f i GuBigConvexData.obj
 0001:0004c2f0       ?GetValency@BigConvexData@physx@@QBEGI@Z 1004d2f0 f i GuBigConvexData.obj
 0001:0004c310       ?__global_array_delete@@YAXPAX@Z 1004d310 f i GuBigConvexData.obj
 0001:0004c320       ?__global_array_delete@@YAXPAXI@Z 1004d320 f i GuBigConvexData.obj
 0001:0004c330       ?__global_delete@@YAXPAX@Z 1004d330 f i GuBigConvexData.obj
 0001:0004c340       ?__global_delete@@YAXPAXI@Z 1004d340 f i GuBigConvexData.obj
 0001:0004c350       ?getScaledConvex@Gu@physx@@YAXAAPAVPxVec3@2@AAPAEPAV32@PAE_NPBV32@PBEIABVFastVertex2ShapeScaling@Cm@2@@Z 1004d350 f   GuConvexHelper.obj
 0001:0004c450       ?getConvexData@Gu@physx@@YA_NABVGeometryUnion@12@AAVFastVertex2ShapeScaling@Cm@2@AAVPxBounds3@2@AAUPolygonalData@12@@Z 1004d450 f   GuConvexHelper.obj
 0001:0004c6a0       ?findUniqueConvexEdges@Gu@physx@@YAIIPIAUConvexEdge@12@IPIBUHullPolygonData@12@PIBE@Z 1004d6a0 f   GuConvexHelper.obj
 0001:0004c8c0       ?exportExtraData@ConvexMesh@Gu@physx@@UAEXAAVPxSerializationContext@3@@Z 1004d8c0 f   GuConvexMesh.obj
 0001:0004c960       ?importExtraData@ConvexMesh@Gu@physx@@QAEXAAVPxDeserializationContext@3@@Z 1004d960 f   GuConvexMesh.obj
 0001:0004ca00       ?onRefCountZero@ConvexMesh@Gu@physx@@UAEXXZ 1004da00 f   GuConvexMesh.obj
 0001:0004cad0       ?createObject@ConvexMesh@Gu@physx@@SAPAV123@AAPAEAAVPxDeserializationContext@3@@Z 1004dad0 f   GuConvexMesh.obj
 0001:0004cb40       ??0ConvexMesh@Gu@physx@@QAE@XZ 1004db40 f   GuConvexMesh.obj
 0001:0004cbf0       ??0ConvexMesh@Gu@physx@@QAE@AAVGuMeshFactory@2@AAUConvexHullData@12@@Z 1004dbf0 f   GuConvexMesh.obj
 0001:0004cc80       ?load@ConvexMesh@Gu@physx@@QAE_NAAVPxInputStream@3@@Z 1004dc80 f   GuConvexMesh.obj
 0001:0004ceb0       ?release@ConvexMesh@Gu@physx@@UAEXXZ 1004deb0 f   GuConvexMesh.obj
 0001:0004ced0       ?getPolygonData@ConvexMesh@Gu@physx@@UBE_NIAAUPxHullPolygon@3@@Z 1004ded0 f   GuConvexMesh.obj
 0001:0004cf30       ?isGpuCompatible@ConvexMesh@Gu@physx@@UBE_NXZ 1004df30 f   GuConvexMesh.obj
 0001:0004cf50       ?getReferenceCount@ConvexMesh@Gu@physx@@UBEIXZ 1004df50 f   GuConvexMesh.obj
 0001:0004cf60       ?acquireReference@ConvexMesh@Gu@physx@@UAEXXZ 1004df60 f   GuConvexMesh.obj
 0001:0004cf70       ?getMassInformation@ConvexMesh@Gu@physx@@UBEXAAMAAVPxMat33@3@AAVPxVec3@3@@Z 1004df70 f   GuConvexMesh.obj
 0001:0004cfd0       ?getLocalBounds@ConvexMesh@Gu@physx@@UBE?AVPxBounds3@3@XZ 1004dfd0 f   GuConvexMesh.obj
 0001:0004d040       ??1ConvexMesh@Gu@physx@@UAE@XZ 1004e040 f   GuConvexMesh.obj
 0001:0004d2a0       ??4ConvexHullData@Gu@physx@@QAEAAU012@ABU012@@Z 1004e2a0 f i GuConvexMesh.obj
 0001:0004d330       ?computeBufferSize@Gu@physx@@YAIABUConvexHullData@12@I@Z 1004e330 f i GuConvexMesh.obj
 0001:0004d7f0       ?notifyReleaseConvexMesh@GuMeshFactory@physx@@MAEXABVPxConvexMesh@2@@Z 1004e7f0 f i GuConvexMesh.obj
 0001:0004d800       ?notifyReleaseHeightField@GuMeshFactory@physx@@MAEXABVPxHeightField@2@@Z 1004e800 f i GuConvexMesh.obj
 0001:0004d810       ?notifyReleaseTriangleMesh@GuMeshFactory@physx@@MAEXABVPxTriangleMesh@2@@Z 1004e810 f i GuConvexMesh.obj
 0001:0004d820       ?computeHullOBB@Gu@physx@@YAXAAVBox@12@ABVPxBounds3@2@MABVMatrix34@Cm@2@2ABVFastVertex2ShapeScaling@62@_N@Z 1004e820 f   GuConvexUtilsInternal.obj
 0001:0004de70       ?computeVertexSpaceOBB@Gu@physx@@YAXAAVBox@12@ABV312@ABVPxTransform@2@ABVPxMeshScale@2@@Z 1004ee70 f   GuConvexUtilsInternal.obj
 0001:0004e1c0       ?computeOBBAroundConvex@Gu@physx@@YAXAAVBox@12@ABVPxConvexMeshGeometry@2@PBVPxConvexMesh@2@ABVPxTransform@2@@Z 1004f1c0 f   GuConvexUtilsInternal.obj
 0001:0004efc0       ??Dphysx@@YA?AVMatrix34@Cm@0@ABVPxMeshScale@0@ABV120@@Z 1004ffc0 f i GuConvexUtilsInternal.obj
 0001:0004f750       ?transform@physx@@YA?AVBox@Gu@1@ABVMatrix34@Cm@1@ABV231@@Z 10050750 f i GuConvexUtilsInternal.obj
 0001:0004fac0       ?localSearch@physx@@YAXAAIABVPxVec3@1@PBV21@PBUBigConvexRawData@Gu@1@@Z 10050ac0 f   GuHillClimbing.obj
 0001:0004fc50       ??0PolygonalBox@Gu@physx@@QAE@ABVPxVec3@2@@Z 10050c50 f   GuShapeConvex.obj
 0001:0004fe60       ?getPolygonalData@PolygonalBox@Gu@physx@@QBEXPIAUPolygonalData@23@@Z 10050e60 f   GuShapeConvex.obj
 0001:0004fee0       ?getPolygonalData_Convex@Gu@physx@@YAXPIAUPolygonalData@12@PIBUConvexHullData@12@ABVFastVertex2ShapeScaling@Cm@2@@Z 10050ee0 f   GuShapeConvex.obj
 0001:00050cf0       ??0HullPolygonData@Gu@physx@@QAE@XZ 10051cf0 f i GuShapeConvex.obj
 0001:00050ec0       ?distancePointBoxSquared@Gu@physx@@YAMABVPxVec3@2@00ABVPxMat33@2@PAV32@@Z 10051ec0 f   GuDistancePointBox.obj
 0001:00051090       ?closestPtPointTriangle@Gu@physx@@YA?AVPxVec3@2@ABV32@000AAM1@Z 10052090 f   GuDistancePointTriangle.obj
 0001:00051500       ?distancePointTriangleSquared@Gu@physx@@YA?AT__m128@@ABT3@000AAT3@11@Z 10052500 f   GuDistancePointTriangle.obj
 0001:00051a70       ?distanceSegmentBoxSquared@Gu@physx@@YAMABVPxVec3@2@000ABVPxMat33@2@PAMPAV32@@Z 10052a70 f   GuDistanceSegmentBox.obj
 0001:00052f60       ?distanceSegmentSegmentSquared@Gu@physx@@YAMABVPxVec3@2@0M00MPAM1@Z 10053f60 f   GuDistanceSegmentSegment.obj
 0001:00053680       ?distanceSegmentSegmentSquared@Gu@physx@@YAMABVPxVec3@2@000PAM1@Z 10054680 f   GuDistanceSegmentSegment.obj
 0001:000538e0       ?distanceSegmentSegmentSquared@Gu@physx@@YA?AT__m128@@ABT3@000AAT3@1@Z 100548e0 f   GuDistanceSegmentSegment.obj
 0001:00053a90       ?distanceSegmentSegmentSquared4@Gu@physx@@YA?AT__m128@@ABT3@000000000AAT3@1@Z 10054a90 f   GuDistanceSegmentSegment.obj
 0001:00054130       ?distanceSegmentTriangleSquared@Gu@physx@@YAMABVPxVec3@2@0000PAM11@Z 10055130 f   GuDistanceSegmentTriangle.obj
 0001:00055a30       ?distanceSegmentTriangleSquared@Gu@physx@@YA?AT__m128@@ABT3@0000AAT3@1@Z 10056a30 f   GuDistanceSegmentTriangle.obj
 0001:000568e0       ?sweepBoxBox@Gu@physx@@YA_NABVBox@12@0ABVPxVec3@2@MV?$PxFlags@W4Enum@PxHitFlag@physx@@G@2@AAUPxSweepHit@2@@Z 100578e0 f   GuSweepBoxBox.obj
 0001:00057bf0       ?sweepBoxSphere@Gu@physx@@YA_NABVBox@12@MABVPxVec3@2@1MAAMAAV42@V?$PxFlags@W4Enum@PxHitFlag@physx@@G@2@@Z 10058bf0 f   GuSweepBoxSphere.obj
 0001:00058850       ?sweepBoxTriangle@Gu@physx@@YA_NABVPxTriangle@2@ABVPxBounds3@2@ABVPxVec3@2@2AAV52@3AAM_N@Z 10059850 f   GuSweepBoxTriangle_FeatureBased.obj
 0001:00059a70       ?triBoxSweepTestBoxSpace@Gu@physx@@YAHABVPxTriangle@2@ABVPxVec3@2@11MAAM_N@Z 1005aa70 f   GuSweepBoxTriangle_SAT.obj
 0001:0005a770       ?sweepCapsuleBox@Gu@physx@@YA_NABVCapsule@12@ABVPxTransform@2@ABVPxVec3@2@2MAAV52@AAM3V?$PxFlags@W4Enum@PxHitFlag@physx@@G@2@@Z 1005b770 f   GuSweepCapsuleBox.obj
 0001:0005ab20       ??0PxTriangle@physx@@QAE@XZ 1005bb20 f i GuSweepCapsuleBox.obj
 0001:0005ab30       ??1PxTriangle@physx@@QAE@XZ 1005bb30 f i GuSweepCapsuleBox.obj
 0001:0005be90       ?sweepCapsuleCapsule@Gu@physx@@YA_NABVCapsule@12@0ABVPxVec3@2@MAAMAAV42@3IAAG@Z 1005ce90 f   GuSweepCapsuleCapsule.obj
 0001:0005d1d0       ??0Capsule@Gu@physx@@QAE@XZ 1005e1d0 f i GuSweepCapsuleCapsule.obj
 0001:0005d1e0       ??1Capsule@Gu@physx@@QAE@XZ 1005e1e0 f i GuSweepCapsuleCapsule.obj
 0001:0005d4c0       ?sweepCapsuleTriangles_Precise@Gu@physx@@YA_NIPIBVPxTriangle@2@ABVCapsule@12@ABVPxVec3@2@MPIBIAAUPxSweepHit@2@AAV52@V?$PxFlags@W4Enum@PxHitFlag@physx@@G@2@_NPBVBoxPadded@12@@Z 1005e4c0 f   GuSweepCapsuleTriangle.obj
 0001:0005fe90       ?sweepSphereCapsule@Gu@physx@@YA_NABVSphere@12@ABVCapsule@12@ABVPxVec3@2@MAAMAAV52@4V?$PxFlags@W4Enum@PxHitFlag@physx@@G@2@@Z 10060e90 f   GuSweepSphereCapsule.obj
 0001:00060640       ?distancePointSegmentSquared@Gu@physx@@YAMABVSegment@12@ABVPxVec3@2@PAM@Z 10061640 f i GuSweepSphereCapsule.obj
 0001:000607a0       ?sweepSphereSphere@Gu@physx@@YA_NABVPxVec3@2@M0M0AAMAAV32@@Z 100617a0 f   GuSweepSphereSphere.obj
 0001:00060b80       ?sweepSphereVSTri@Gu@physx@@YA_NPIBVPxVec3@2@ABV32@1M1AAMAA_N_N@Z 10061b80 f   GuSweepSphereTriangle.obj
 0001:000618d0       ?sweepSphereVSQuad@Gu@physx@@YA_NPIBVPxVec3@2@ABV32@1M1AAM@Z 100628d0 f   GuSweepSphereTriangle.obj
 0001:00062bf0       ?sweepSphereTriangles@Gu@physx@@YA_NIPIBVPxTriangle@2@ABVPxVec3@2@M1MPIBIAAUPxSweepHit@2@AAV42@_N555@Z 10063bf0 f   GuSweepSphereTriangle.obj
 0001:00063cb0       ?computeSphereTriImpactData@Gu@physx@@YAXAAVPxVec3@2@0ABV32@1MABVPxTriangle@2@@Z 10064cb0 f   GuSweepTriangleUtils.obj
 0001:00063e90       ?computeBoxTriImpactData@Gu@physx@@YAXAAVPxVec3@2@0ABV32@1ABVPxTriangle@2@M@Z 10064e90 f   GuSweepTriangleUtils.obj
 0001:00064110       ?computeEdgeEdgeNormal@Gu@physx@@YAXAAVPxVec3@2@ABV32@1111M@Z 10065110 f   GuSweepTriangleUtils.obj
 0001:00064520       ??$gjk@U?$LocalConvex@VTriangleV@Gu@physx@@@Gu@physx@@U?$LocalConvex@VBoxV@Gu@physx@@@23@@Gu@physx@@YA?AW4GjkStatus@01@ABU?$LocalConvex@VTriangleV@Gu@physx@@@01@ABU?$LocalConvex@VBoxV@Gu@physx@@@01@ABT__m128@@2AAT5@333@Z 10065520 f i GuSweepTriangleUtils.obj
 0001:00065500       ??_E?$LocalConvex@VBoxV@Gu@physx@@@Gu@physx@@UAEPAXI@Z 10066500 f i GuSweepTriangleUtils.obj
 0001:00065500       ??_G?$LocalConvex@VBoxV@Gu@physx@@@Gu@physx@@UAEPAXI@Z 10066500 f i GuSweepTriangleUtils.obj
 0001:00065530       ??_G?$LocalConvex@VTriangleV@Gu@physx@@@Gu@physx@@UAEPAXI@Z 10066530 f i GuSweepTriangleUtils.obj
 0001:00065530       ??_E?$LocalConvex@VTriangleV@Gu@physx@@@Gu@physx@@UAEPAXI@Z 10066530 f i GuSweepTriangleUtils.obj
 0001:00065560       ?getCenter@?$LocalConvex@VBoxV@Gu@physx@@@Gu@physx@@UBE?AT__m128@@XZ 10066560 f i GuSweepTriangleUtils.obj
 0001:00065580       ?getCenter@?$LocalConvex@VTriangleV@Gu@physx@@@Gu@physx@@UBE?AT__m128@@XZ 10066580 f i GuSweepTriangleUtils.obj
 0001:000655a0       ?getSweepMargin@?$LocalConvex@VBoxV@Gu@physx@@@Gu@physx@@UBE?AT__m128@@XZ 100665a0 f i GuSweepTriangleUtils.obj
 0001:000655c0       ?getSweepMargin@?$LocalConvex@VTriangleV@Gu@physx@@@Gu@physx@@UBE?AT__m128@@XZ 100665c0 f i GuSweepTriangleUtils.obj
 0001:00065910       ?support@?$LocalConvex@VBoxV@Gu@physx@@@Gu@physx@@UBE?AT__m128@@ABT4@@Z 10066910 f i GuSweepTriangleUtils.obj
 0001:00065950       ?support@?$LocalConvex@VBoxV@Gu@physx@@@Gu@physx@@UBE?AT__m128@@ABT4@AAHPAT4@@Z 10066950 f i GuSweepTriangleUtils.obj
 0001:000659a0       ?support@?$LocalConvex@VTriangleV@Gu@physx@@@Gu@physx@@UBE?AT__m128@@ABT4@@Z 100669a0 f i GuSweepTriangleUtils.obj
 0001:00065a60       ?support@?$LocalConvex@VTriangleV@Gu@physx@@@Gu@physx@@UBE?AT__m128@@ABT4@AAHPAT4@@Z 10066a60 f i GuSweepTriangleUtils.obj
 0001:00065b90       ?supportPoint@?$LocalConvex@VBoxV@Gu@physx@@@Gu@physx@@UBE?AT__m128@@HPAT4@@Z 10066b90 f i GuSweepTriangleUtils.obj
 0001:00065bd0       ?supportPoint@?$LocalConvex@VTriangleV@Gu@physx@@@Gu@physx@@UBE?AT__m128@@HPAT4@@Z 10066bd0 f i GuSweepTriangleUtils.obj
 0001:00065c00       ?epaPenetration@Gu@physx@@YA?AW4GjkStatus@12@ABUGjkConvex@12@0PIAE1EAAT__m128@@222_N@Z 10066c00 f   GuEPA.obj
 0001:00066ba0       ?isValid2@Facet@Gu@physx@@QAE?AT__m128@@IIIPIBT4@0ABT4@@Z 10067ba0 f   GuEPA.obj
 0001:00066c80       ?silhouette@Facet@Gu@physx@@QAEXABT__m128@@PIBT4@1AAVEdgeBuffer@23@AAV?$InlineDeferredIDPool@$0EA@@Cm@3@@Z 10067c80 f   GuEPA.obj
 0001:00066de0       ?PenetrationDepth@EPA@Gu@physx@@QAE?AW4GjkStatus@23@ABUGjkConvex@23@0PIBT__m128@@11HAAT6@222_N@Z 10067de0 f   GuEPA.obj
 0001:00067460       ?expandPoint@EPA@Gu@physx@@QAE_NABUGjkConvex@23@0AAHABT__m128@@@Z 10068460 f   GuEPA.obj
 0001:00067530       ?expandSegment@EPA@Gu@physx@@QAE_NABUGjkConvex@23@0AAHABT__m128@@@Z 10068530 f   GuEPA.obj
 0001:00067660       ?expandTriangle@EPA@Gu@physx@@QAE_NAAHABT__m128@@@Z 10068660 f   GuEPA.obj
 0001:000676d0       ?addFacet@EPA@Gu@physx@@QAEPAVFacet@23@IIIABT__m128@@@Z 100686d0 f   GuEPA.obj
 0001:00067f10       ??0Edge@Gu@physx@@QAE@XZ   10068f10 f i GuEPA.obj
 0001:00067f20       ??0Facet@Gu@physx@@QAE@XZ  10068f20 f i GuEPA.obj
 0001:00068200       ?processDeferredIds@?$DeferredIDPoolBase@V?$InlineFixedArray@I$0EA@@Cm@physx@@@Cm@physx@@QAEXXZ 10069200 f i GuEPA.obj
 0001:00068260       ?closestPtPointTetrahedron@Gu@physx@@YA?AT__m128@@PIAT3@00AAI@Z 10069260 f   GuGJKSimplex.obj
 0001:00068ad0       ?closestPtPointTetrahedron@Gu@physx@@YA?AT__m128@@PIAT3@00PIAH1AAI@Z 10069ad0 f   GuGJKSimplex.obj
 0001:0006b270       ?testGjk@Gu@physx@@YA?AW4GjkStatus@12@AAUGjkConvex@12@0ABT__m128@@1AAT5@222@Z 1006c270 f   GuGJKTest.obj
 0001:0006b280       ?testGjkPenetration@Gu@physx@@YA?AW4GjkStatus@12@AAUGjkConvex@12@0ABT__m128@@1AAT5@222@Z 1006c280 f   GuGJKTest.obj
 0001:0006b2e0       ?testGjkPenetration@Gu@physx@@YA?AW4GjkStatus@12@AAUGjkConvex@12@0ABT__m128@@1AAT5@222PAE3E@Z 1006c2e0 f   GuGJKTest.obj
 0001:0006b330       ?testEpaPenetration@Gu@physx@@YA?AW4GjkStatus@12@AAUGjkConvex@12@0AAT__m128@@111@Z 1006c330 f   GuGJKTest.obj
 0001:0006b380       ?testEpaPenetration@Gu@physx@@YA?AW4GjkStatus@12@AAUGjkConvex@12@0AAT__m128@@111PAE2E@Z 1006c380 f   GuGJKTest.obj
 0001:0006b3d0       ?testGjkRaycast@Gu@physx@@YA_NAAUGjkConvex@12@0ABT__m128@@111AAT4@22M@Z 1006c3d0 f   GuGJKTest.obj
 0001:0006b470       ??$gjk@UGjkConvex@Gu@physx@@U123@@Gu@physx@@YA?AW4GjkStatus@01@ABUGjkConvex@01@0ABT__m128@@1AAT4@222@Z 1006c470 f i GuGJKTest.obj
 0001:0006c460       ??$gjkPenetration@UGjkConvex@Gu@physx@@U123@@Gu@physx@@YA?AW4GjkStatus@01@ABUGjkConvex@01@0ABT__m128@@1AAT4@222PIAE3AAE_N@Z 1006d460 f i GuGJKTest.obj
 0001:0006e0a0       ??$gjkRaycast@UGjkConvex@Gu@physx@@U123@@Gu@physx@@YA_NABUGjkConvex@01@0ABT__m128@@111AAT3@22M@Z 1006f0a0 f i GuGJKTest.obj
 0001:0006f0a0       ?intersectOBBOBB@Gu@physx@@YA_NABVPxVec3@2@0ABVPxMat33@2@001_N@Z 100700a0 f   GuIntersectionBoxBox.obj
 0001:0006fa20       ?intersectCapsuleTriangle@Gu@physx@@YA_NABVPxVec3@2@000ABVCapsule@12@ABUCapsuleTriangleOverlapData@12@@Z 10070a20 f   GuIntersectionCapsuleTriangle.obj
 0001:00070840       ?intersectEdgeEdge@Gu@physx@@YA_NABVPxVec3@2@0000AAMAAV32@@Z 10071840 f   GuIntersectionEdgeEdge.obj
 0001:00070c00       ?rayAABBIntersect@Gu@physx@@YA_NABVPxVec3@2@000AAV32@@Z 10071c00 f   GuIntersectionRayBox.obj
 0001:00070d70       ?rayAABBIntersect2@Gu@physx@@YAIABVPxVec3@2@000AAV32@AAM@Z 10071d70 f   GuIntersectionRayBox.obj
 0001:00070f00       ?intersectRayAABB@Gu@physx@@YAHABVPxVec3@2@000AAM1@Z 10071f00 f   GuIntersectionRayBox.obj
 0001:00071020       ?intersectRayAABB@Gu@physx@@YAHABVPxVec3@2@0000AAM1@Z 10072020 f   GuIntersectionRayBox.obj
 0001:000711c0       ?intersectRayAABB2@Gu@physx@@YA_NABVPxVec3@2@000MAAM1@Z 100721c0 f   GuIntersectionRayBox.obj
 0001:00071360       ?intersectRayAABB2@Gu@physx@@YA_NABT__m128@@0000AAT3@1@Z 10072360 f   GuIntersectionRayBox.obj
 0001:00071640       ?intersectRayCapsuleInternal@Gu@physx@@YAIABVPxVec3@2@000MQAM@Z 10072640 f   GuIntersectionRayCapsule.obj
 0001:00072060       ?intersectRaySphereBasic@Gu@physx@@YA_NABVPxVec3@2@0M0MAAMPAV32@@Z 10073060 f   GuIntersectionRaySphere.obj
 0001:00072190       ?intersectRaySphere@Gu@physx@@YA_NABVPxVec3@2@0M0MAAMPAV32@@Z 10073190 f   GuIntersectionRaySphere.obj
 0001:00072460       ?intersectSphereBox@Gu@physx@@YA_NABVSphere@12@ABVBox@12@@Z 10073460 f   GuIntersectionSphereBox.obj
 0001:000726b0       ?intersectTriangleBox_ReferenceCode@Gu@physx@@YAHABVPxVec3@2@0000@Z 100736b0 f   GuIntersectionTriangleBox.obj
 0001:00072f20       ?intersectTriangleBox_Unsafe@Gu@physx@@YAHABVPxVec3@2@0000@Z 10073f20 f   GuIntersectionTriangleBox.obj
 0001:000732e0       ?intersectTriangleBox@Gu@physx@@YAHABVBoxPadded@12@ABVPxVec3@2@11@Z 100742e0 f   GuIntersectionTriangleBox.obj
 0001:00073800       ?intersectTriangleBoxBV4@@YAHABVPxVec3@physx@@00ABVPxMat33@2@00@Z 10074800 f   GuIntersectionTriangleBox.obj
 0001:00074180       ??0BV32Tree@Gu@physx@@QAE@W4PxEMPTY@2@@Z 10075180 f   GuBV32.obj
 0001:000741b0       ?exportExtraData@BV32Tree@Gu@physx@@QAEXAAVPxSerializationContext@3@@Z 100751b0 f   GuBV32.obj
 0001:000741e0       ?importExtraData@BV32Tree@Gu@physx@@QAEXAAVPxDeserializationContext@3@@Z 100751e0 f   GuBV32.obj
 0001:00074210       ??0BV32Tree@Gu@physx@@QAE@XZ 10075210 f   GuBV32.obj
 0001:00074260       ??0BV32Tree@Gu@physx@@QAE@PAVSourceMesh@12@ABVPxBounds3@2@@Z 10075260 f   GuBV32.obj
 0001:00074340       ??1BV32Tree@Gu@physx@@QAE@XZ 10075340 f   GuBV32.obj
 0001:000743a0       ?load@BV32Tree@Gu@physx@@QAE_NAAVPxInputStream@3@_N@Z 100753a0 f   GuBV32.obj
 0001:000745a0       ?calculateLeafNode@BV32Tree@Gu@physx@@QAEXAAUBV32Data@23@@Z 100755a0 f   GuBV32.obj
 0001:00074730       ?createSOAformatNode@BV32Tree@Gu@physx@@QAEXAAUBV32DataPacked@23@ABUBV32Data@23@IAAI2@Z 10075730 f   GuBV32.obj
 0001:000748f0       ?reset@BV32Tree@Gu@physx@@QAEXXZ 100758f0 f   GuBV32.obj
 0001:00074920       ??4BV32Tree@Gu@physx@@QAEXAAV012@@Z 10075920 f   GuBV32.obj
 0001:00074990       ?init@BV32Tree@Gu@physx@@QAE_NPAVSourceMesh@23@ABVPxBounds3@3@@Z 10075990 f   GuBV32.obj
 0001:00074a30       ?release@BV32Tree@Gu@physx@@QAEXXZ 10075a30 f   GuBV32.obj
 0001:00074cd0       ?markSerializedMem@Cm@physx@@YAXPAXI@Z 10075cd0 f i GuBV32.obj
 0001:00074d00       ?BuildBV32Ex@Gu@physx@@YA_NAAVBV32Tree@12@AAVSourceMesh@12@MI@Z 10075d00 f   GuBV32Build.obj
 0001:00074ed0       ??$?_UV?$ReflectionAllocator@UBV32Data@Gu@physx@@@shdfnd@physx@@@UserAllocated@shdfnd@physx@@SAPAXIV?$ReflectionAllocator@UBV32Data@Gu@physx@@@12@PBDH@Z 10075ed0 f i GuBV32Build.obj
 0001:00074f40       ??$swap@VAABBTreeNode@Gu@physx@@@shdfnd@physx@@YAXAAVAABBTreeNode@Gu@1@0@Z 10075f40 f i GuBV32Build.obj
 0001:00074fd0       ??0BV32Data@Gu@physx@@QAE@XZ 10075fd0 f i GuBV32Build.obj
 0001:00075020       ??0BV32Node@@QAE@XZ        10076020 f i GuBV32Build.obj
 0001:00075cf0       ??0SourceMesh@Gu@physx@@QAE@XZ 10076cf0 f   GuBV4.obj
 0001:00075d20       ??1SourceMesh@Gu@physx@@QAE@XZ 10076d20 f   GuBV4.obj
 0001:00075d50       ?reset@SourceMesh@Gu@physx@@QAEXXZ 10076d50 f   GuBV4.obj
 0001:00075d80       ??4SourceMesh@Gu@physx@@QAEXAAV012@@Z 10076d80 f   GuBV4.obj
 0001:00075de0       ?remapTopology@SourceMesh@Gu@physx@@QAEXPBI@Z 10076de0 f   GuBV4.obj
 0001:00075fa0       ?isValid@SourceMesh@Gu@physx@@QBE_NXZ 10076fa0 f   GuBV4.obj
 0001:00075fd0       ??0BV4Tree@Gu@physx@@QAE@W4PxEMPTY@2@@Z 10076fd0 f   GuBV4.obj
 0001:00076000       ?exportExtraData@BV4Tree@Gu@physx@@QAEXAAVPxSerializationContext@3@@Z 10077000 f   GuBV4.obj
 0001:00076030       ?importExtraData@BV4Tree@Gu@physx@@QAEXAAVPxDeserializationContext@3@@Z 10077030 f   GuBV4.obj
 0001:00076060       ??0BV4Tree@Gu@physx@@QAE@XZ 10077060 f   GuBV4.obj
 0001:000760d0       ??0BV4Tree@Gu@physx@@QAE@PAVSourceMesh@12@ABVPxBounds3@2@@Z 100770d0 f   GuBV4.obj
 0001:000761d0       ??1BV4Tree@Gu@physx@@QAE@XZ 100771d0 f   GuBV4.obj
 0001:00076210       ?load@BV4Tree@Gu@physx@@QAE_NAAVPxInputStream@3@_N@Z 10077210 f   GuBV4.obj
 0001:00076440       ?reset@BV4Tree@Gu@physx@@QAEXXZ 10077440 f   GuBV4.obj
 0001:00076490       ??4BV4Tree@Gu@physx@@QAEXAAV012@@Z 10077490 f   GuBV4.obj
 0001:00076540       ?init@BV4Tree@Gu@physx@@QAE_NPAVSourceMesh@23@ABVPxBounds3@3@@Z 10077540 f   GuBV4.obj
 0001:000765e0       ?release@BV4Tree@Gu@physx@@QAEXXZ 100775e0 f   GuBV4.obj
 0001:00076860       ??$?_UV?$ReflectionAllocator@VIndTri16@Gu@physx@@@shdfnd@physx@@@UserAllocated@shdfnd@physx@@SAPAXIV?$ReflectionAllocator@VIndTri16@Gu@physx@@@12@PBDH@Z 10077860 f i GuBV4.obj
 0001:000768d0       ??$?_UV?$ReflectionAllocator@VIndTri32@Gu@physx@@@shdfnd@physx@@@UserAllocated@shdfnd@physx@@SAPAXIV?$ReflectionAllocator@VIndTri32@Gu@physx@@@12@PBDH@Z 100778d0 f i GuBV4.obj
 0001:00076940       ??0IndTri16@Gu@physx@@QAE@XZ 10077940 f i GuBV4.obj
 0001:00076950       ??0IndTri32@Gu@physx@@QAE@XZ 10077950 f i GuBV4.obj
 0001:00076960       ??1IndTri16@Gu@physx@@QAE@XZ 10077960 f i GuBV4.obj
 0001:00076970       ??1IndTri32@Gu@physx@@QAE@XZ 10077970 f i GuBV4.obj
 0001:00076980       ??_EIndTri16@Gu@physx@@QAEPAXI@Z 10077980 f i GuBV4.obj
 0001:00076a10       ??_EIndTri32@Gu@physx@@QAEPAXI@Z 10077a10 f i GuBV4.obj
 0001:00076aa0       ??0AABBTree@Gu@physx@@QAE@XZ 10077aa0 f   GuBV4Build.obj
 0001:00076ac0       ??1AABBTree@Gu@physx@@QAE@XZ 10077ac0 f   GuBV4Build.obj
 0001:00076ad0       ?buildFromMesh@AABBTree@Gu@physx@@QAE_NAAVSourceMesh@23@I@Z 10077ad0 f   GuBV4Build.obj
 0001:00076de0       ?release@AABBTree@Gu@physx@@QAEXXZ 10077de0 f   GuBV4Build.obj
 0001:00076e60       ?walk@AABBTree@Gu@physx@@QBEIP6A_NPBVAABBTreeNode@23@IPAX@Z1@Z 10077e60 f   GuBV4Build.obj
 0001:00076ea0       ?BuildBV4Ex@Gu@physx@@YA_NAAVBV4Tree@12@AAVSourceMesh@12@MI@Z 10077ea0 f   GuBV4Build.obj
 0001:00077040       ??0BVData@@QAE@XZ          10078040 f   GuBV4Build.obj
 0001:00077080       ??1BV4BuildParams@@QAE@XZ  10078080 f   GuBV4Build.obj
 0001:00077090       ?allocateNode@BV4BuildParams@@QAEPAUBV4Node@@XZ 10078090 f   GuBV4Build.obj
 0001:00077140       ?releaseNodes@BV4BuildParams@@QAEXXZ 10078140 f   GuBV4Build.obj
 0001:000773f0       ??$?_UV?$ReflectionAllocator@UBVDataPacked@Gu@physx@@@shdfnd@physx@@@UserAllocated@shdfnd@physx@@SAPAXIV?$ReflectionAllocator@UBVDataPacked@Gu@physx@@@12@PBDH@Z 100783f0 f i GuBV4Build.obj
 0001:00077460       ??0AABBTreeNode@Gu@physx@@QAE@XZ 10078460 f i GuBV4Build.obj
 0001:00077480       ??0BV4Node@@QAE@XZ         10078480 f i GuBV4Build.obj
 0001:000775a0       ??0Slab@BV4BuildParams@@QAE@XZ 100785a0 f i GuBV4Build.obj
 0001:000775e0       ??1AABBTreeNode@Gu@physx@@QAE@XZ 100785e0 f i GuBV4Build.obj
 0001:00077600       ??1BV4Node@@QAE@XZ         10078600 f i GuBV4Build.obj
 0001:00077610       ??1BVData@@QAE@XZ          10078610 f i GuBV4Build.obj
 0001:00077620       ??_EAABBTreeNode@Gu@physx@@QAEPAXI@Z 10078620 f i GuBV4Build.obj
 0001:000794a0       ?Sweep_AABB_BV4@@YAHABVBox@Gu@physx@@ABVPxVec3@3@MABVBV4Tree@23@PIAVSweepHit@23@I@Z 1007a4a0 f   GuBV4_AABBSweep.obj
 0001:000799c0       ?Sweep_AABB_BV4_CB@@YAXABVBox@Gu@physx@@ABVPxVec3@3@MABVBV4Tree@23@PIBVPxMat44@3@P6A_NPAXABVSweepHit@23@@Z4I_N@Z 1007a9c0 f   GuBV4_AABBSweep.obj
 0001:00079b60       ?GenericSweep_AABB_CB@@YAXABVBox@Gu@physx@@ABVPxVec3@3@MABVBV4Tree@23@P6A_NPAX111IAAM@Z3I@Z 1007ab60 f   GuBV4_AABBSweep.obj
 0001:00082b40       ?transform@PxMat44@physx@@QBE?BVPxVec4@2@ABV32@@Z 10083b40 f i GuBV4_AABBSweep.obj
 0001:00083e40       ?BV4_OverlapBoxAny@@YAHABVBox@Gu@physx@@ABVBV4Tree@23@PIBVPxMat44@3@@Z 10084e40 f   GuBV4_BoxOverlap.obj
 0001:000845d0       ?BV4_OverlapBoxAll@@YAIABVBox@Gu@physx@@ABVBV4Tree@23@PIBVPxMat44@3@PAIIAA_N@Z 100855d0 f   GuBV4_BoxOverlap.obj
 0001:00084dc0       ?BV4_OverlapBoxCB@@YAXABVBox@Gu@physx@@ABVBV4Tree@23@P6A_NPAXABVPxVec3@3@33IPBI@Z2@Z 10085dc0 f   GuBV4_BoxOverlap.obj
 0001:00085240       ?BV4_OverlapCapsuleAny@@YAHABVCapsule@Gu@physx@@ABVBV4Tree@23@PIBVPxMat44@3@@Z 10086240 f   GuBV4_BoxOverlap.obj
 0001:000859c0       ?BV4_OverlapCapsuleAll@@YAIABVCapsule@Gu@physx@@ABVBV4Tree@23@PIBVPxMat44@3@PAIIAA_N@Z 100869c0 f   GuBV4_BoxOverlap.obj
 0001:00086170       ?BV4_OverlapCapsuleCB@@YAXABVCapsule@Gu@physx@@ABVBV4Tree@23@PIBVPxMat44@3@P6A_NPAXABVPxVec3@3@44IPBI@Z3@Z 10087170 f   GuBV4_BoxOverlap.obj
 0001:0008c770       ?BV4_CapsuleSweepSingle@@YAHABVCapsule@Gu@physx@@ABVPxVec3@3@MABVBV4Tree@23@PIAVSweepHit@23@I@Z 1008d770 f   GuBV4_CapsuleSweep.obj
 0001:0008cc70       ?BV4_CapsuleSweepCB@@YAXABVCapsule@Gu@physx@@ABVPxVec3@3@MABVBV4Tree@23@PIBVPxMat44@3@P6A_NPAXABVSweepHit@23@@Z4I_N@Z 1008dc70 f   GuBV4_CapsuleSweep.obj
 0001:000950e0       ?computeBasis@shdfnd@physx@@YAXABVPxVec3@2@AAV32@1@Z 100960e0 f i GuBV4_CapsuleSweep.obj
 0001:00097cb0       ?BV4_CapsuleSweepSingleAA@@YAHABVCapsule@Gu@physx@@ABVPxVec3@3@MABVBV4Tree@23@PIAVSweepHit@23@I@Z 10098cb0 f   GuBV4_CapsuleSweepAA.obj
 0001:0009b6e0       ?Sweep_OBB_BV4@@YAHABVBox@Gu@physx@@ABVPxVec3@3@MABVBV4Tree@23@PIAVSweepHit@23@I@Z 1009c6e0 f   GuBV4_OBBSweep.obj
 0001:0009bbd0       ?Sweep_OBB_BV4_CB@@YAXABVBox@Gu@physx@@ABVPxVec3@3@MABVBV4Tree@23@PIBVPxMat44@3@P6A_NPAXABVSweepHit@23@@Z4I_N@Z 1009cbd0 f   GuBV4_OBBSweep.obj
 0001:0009bd40       ?GenericSweep_OBB_CB@@YAXABVBox@Gu@physx@@ABVPxVec3@3@MABVBV4Tree@23@P6A_NPAX111IAAM@Z3I@Z 1009cd40 f   GuBV4_OBBSweep.obj
 0001:0009be40       ?BV4_BoxSweepSingle@@YAHABVBox@Gu@physx@@ABVPxVec3@3@MABVBV4Tree@23@PIBVPxMat44@3@PIAVSweepHit@23@I@Z 1009ce40 f   GuBV4_OBBSweep.obj
 0001:0009c560       ?BV4_BoxSweepCB@@YAXABVBox@Gu@physx@@ABVPxVec3@3@MABVBV4Tree@23@PIBVPxMat44@3@P6A_NPAXABVSweepHit@23@@Z4I_N@Z 1009d560 f   GuBV4_OBBSweep.obj
 0001:0009cb00       ?BV4_GenericSweepCB@@YAXABVBox@Gu@physx@@ABVPxVec3@3@MABVBV4Tree@23@P6A_NPAX111IAAM@Z3_N@Z 1009db00 f   GuBV4_OBBSweep.obj
 0001:000a7a10       ?rotate@PxMat44@physx@@QBE?BVPxVec4@2@ABV32@@Z 100a8a10 f i GuBV4_OBBSweep.obj
 0001:000a8eb0       ?BV4_RaycastSingle@@YAHABVPxVec3@physx@@0ABVBV4Tree@Gu@2@PIBVPxMat44@2@PIAUPxRaycastHit@2@MMIV?$PxFlags@W4Enum@PxHitFlag@physx@@G@2@@Z 100a9eb0 f   GuBV4_Raycast.obj
 0001:000a93e0       ?BV4_RaycastCB@@YAXABVPxVec3@physx@@0ABVBV4Tree@Gu@2@PIBVPxMat44@2@MMIP6A?AW4HitCode@42@PAX000IMMM@Z3@Z 100aa3e0 f   GuBV4_Raycast.obj
 0001:000a9780       ?BV4_RaycastAll@@YAIABVPxVec3@physx@@0ABVBV4Tree@Gu@2@PIBVPxMat44@2@PIAUPxRaycastHit@2@IMMIV?$PxFlags@W4Enum@PxHitFlag@physx@@G@2@@Z 100aa780 f   GuBV4_Raycast.obj
 0001:000ac8b0       ?BV4_OverlapSphereAny@@YAHABVSphere@Gu@physx@@ABVBV4Tree@23@PIBVPxMat44@3@@Z 100ad8b0 f   GuBV4_SphereOverlap.obj
[...]
 0003:00001104       ___acrt_lconv_static_decimal 10213104     libucrt:localeconv.obj
 0003:00001108       ___acrt_lconv_static_W_decimal 10213108     libucrt:localeconv.obj
 0003:00001110       ___acrt_lconv_c            10213110     libucrt:localeconv.obj
 0003:00001170       ___acrt_lconv              10213170     libucrt:localeconv.obj
 0003:000012cc       ??_R0?AVCollection@Cm@physx@@@8 102132cc     CmCollection.obj
 0003:000012f4       ??_R0?AVBigConvexData@physx@@@8 102132f4     GuConvexMesh.obj
 0003:0000131c       ??_R0?AUBV32Data@Gu@physx@@@8 1021331c     GuBV32Build.obj
 0003:00001344       ??_R0?AUBV32Node@@@8       10213344     GuBV32Build.obj
 0003:00001360       ??_R0?AVIndTri16@Gu@physx@@@8 10213360     GuBV4.obj
 0003:00001388       ??_R0?AVIndTri32@Gu@physx@@@8 10213388     GuBV4.obj
 0003:000013b0       ??_R0?AUBVDataPacked@Gu@physx@@@8 102133b0     GuBV4Build.obj
 0003:000013dc       ??_R0?AUSlab@BV4BuildParams@@@8 102133dc     GuBV4Build.obj
 0003:00001404       ??_R0?AVAABBTreeNode@Gu@physx@@@8 10213404     GuBV4Build.obj
 0003:00001430       ??_R0?AVHeightField@Gu@physx@@@8 10213430     GuMeshFactory.obj
 0003:0000145c       ??_R0?AVConvexMesh@Gu@physx@@@8 1021345c     GuMeshFactory.obj
 0003:00001484       ??_R0?AVBV4TriangleMesh@Gu@physx@@@8 10213484     GuMeshFactory.obj
 0003:000014b4       ??_R0?AVRTreeTriangleMesh@Gu@physx@@@8 102134b4     GuMeshFactory.obj
 0003:000014e8       ??_R0?AVMutexImpl@shdfnd@physx@@@8 102134e8     GuMeshFactory.obj
 0003:00001514       ??_R0?AVBV32Tree@Gu@physx@@@8 10213514     GuMeshFactory.obj
 0003:0000153c       ??_R0?AVBV4TriangleData@Gu@physx@@@8 1021353c     GuMeshFactory.obj
 0003:0000156c       ??_R0?AVRTreeTriangleData@Gu@physx@@@8 1021356c     GuMeshFactory.obj
 0003:000015a0       ??_R0E@8                   102135a0     GuMeshFactory.obj
 0003:000015b0       ??_R0I@8                   102135b0     GuMeshFactory.obj
 0003:000015c0       ??_R0G@8                   102135c0     GuMeshFactory.obj
 0003:000015d0       ??_R0?AVtype_info@@@8      102135d0     LIBCMT:std_type_info_static.obj
 0003:000015ec       ??_R0?AVDNameNode@@@8      102135ec     libvcruntime:undname.obj
 0003:00001608       ??_R0?AVcharNode@@@8       10213608     libvcruntime:undname.obj
 0003:00001624       ??_R0?AVpcharNode@@@8      10213624     libvcruntime:undname.obj
 0003:00001640       ??_R0?AVpDNameNode@@@8     10213640     libvcruntime:undname.obj
 0003:00001660       ??_R0?AVDNameStatusNode@@@8 10213660     libvcruntime:undname.obj
 0003:00001684       ??_R0?AVpairNode@@@8       10213684     libvcruntime:undname.obj
 0003:000022b0       ?boxVertexTable@physx@@3QBT__m128@@B 102142b0     GuConvexSupportTable.obj
 0003:00004e44       __hmod__PxFoundationCHECKED_x86_dll 10216e44     PxFoundationCHECKED_x86:PxFoundationCHECKED_x86.dll
 0003:00004e48       ?DloadKernel32@@3PAUHINSTANCE__@@A 10216e48     delayimp:delayhlp.obj
 0003:00004e4c       ?DloadAcquireSRWLockExclusive@@3P6GXPAK@ZA 10216e4c     delayimp:delayhlp.obj
 0003:00004e50       ?DloadReleaseSRWLockExclusive@@3P6GXPAK@ZA 10216e50     delayimp:delayhlp.obj
 0003:00004e54       ?DloadSrwLock@@3KA         10216e54     delayimp:delayhlp.obj
 0003:00004e58       ?DloadSectionLockCount@@3KA 10216e58     delayimp:delayhlp.obj
 0003:00004e5c       ?DloadSectionOldProtection@@3KA 10216e5c     delayimp:delayhlp.obj
 0003:00004e60       ?DloadSectionCommitPermanent@@3KA 10216e60     delayimp:delayhlp.obj
 0003:00004e70       ?__type_info_root_node@@3U__type_info_node@@A 10216e70     LIBCMT:tncleanup.obj
 0003:00004e80       ___scrt_current_native_startup_state 10216e80     LIBCMT:utility.obj
 0003:00004e84       ___scrt_native_startup_lock 10216e84     LIBCMT:utility.obj
 0003:00004ea8       ?_OptionsStorage@?1??__local_stdio_printf_options@@9@4_KA 10216ea8     LIBCMT:default_local_stdio_options.obj
 0003:00004eb8       ?_OptionsStorage@?1??__local_stdio_scanf_options@@9@4_KA 10216eb8     LIBCMT:default_local_stdio_options.obj
 0003:00004ec4       ___scrt_debugger_hook_flag 10216ec4     LIBCMT:utility_desktop.obj
 0003:00005284       ___isa_available           10217284     LIBCMT:_cpu_disp_.obj
 0003:00005288       ___favor                   10217288     LIBCMT:_cpu_disp_.obj
 0003:00005290       ___pPurecall               10217290     libvcruntime:purevirt_data.obj
 0003:00005294       ?pArgList@UnDecorator@@0PAVReplicator@@A 10217294     libvcruntime:undname.obj
 0003:00005298       ?pZNameList@UnDecorator@@0PAVReplicator@@A 10217298     libvcruntime:undname.obj
 0003:0000529c       ?pTemplateArgList@UnDecorator@@0PAVReplicator@@A 1021729c     libvcruntime:undname.obj
 0003:000052a0       ?gName@UnDecorator@@0PBDB  102172a0     libvcruntime:undname.obj
 0003:000052a4       ?name@UnDecorator@@0PBDB   102172a4     libvcruntime:undname.obj
 0003:000052a8       ?outputString@UnDecorator@@0PADA 102172a8     libvcruntime:undname.obj
 0003:000052ac       ?maxStringLength@UnDecorator@@0HA 102172ac     libvcruntime:undname.obj
 0003:000052b0       ?disableFlags@UnDecorator@@0KA 102172b0     libvcruntime:undname.obj
 0003:000052b4       ?fExplicitTemplateParams@UnDecorator@@0_NA 102172b4     libvcruntime:undname.obj
 0003:000052b5       ?fGetTemplateArgumentList@UnDecorator@@0_NA 102172b5     libvcruntime:undname.obj
 0003:000052b8       ?m_pGetParameter@UnDecorator@@0P6APADJ@ZA 102172b8     libvcruntime:undname.obj
 0003:000052dc       ?nodes@?1??make@DNameStatusNode@@SAPAV2@W4DNameStatus@@@Z@4PAV2@A 102172dc     libvcruntime:undname.obj
 0003:00005318       ??_B?1??make@DNameStatusNode@@SAPAV1@W4DNameStatus@@@Z@51 10217318     libvcruntime:undname.obj
 0003:000053b8       ?c_exit_complete@?1???R<lambda_6e4b09c48022b2350581041d5f6b0c4c>@@QBE@XZ@4_NA 102173b8     libucrt:exit.obj
 0003:00005774       __environ_table            10217774     libucrt:environment_initialization.obj
 0003:00005778       __wenviron_table           10217778     libucrt:environment_initialization.obj
 0003:00005780       ___dcrt_initial_wide_environment 10217780     libucrt:environment_initialization.obj
 0003:00005784       ___dcrt_initial_narrow_environment 10217784     libucrt:environment_initialization.obj
 0003:00005788       ___acrt_atexit_table       10217788     libucrt:onexit.obj
 0003:00005798       ___acrt_at_quick_exit_table 10217798     libucrt:onexit.obj
 0003:00005958       __mbctype                  10217958     libucrt:mbctype.obj
 0003:0000595c       __mbcasemap                1021795c     libucrt:mbctype.obj
 0003:00005960       ___acrt_current_multibyte_data 10217960     libucrt:mbctype.obj
 0003:0000596c       ___argc                    1021796c     libucrt:argv_data.obj
 0003:00005970       ___argv                    10217970     libucrt:argv_data.obj
 0003:00005974       ___wargv                   10217974     libucrt:argv_data.obj
 0003:00005978       __acmdln                   10217978     libucrt:argv_data.obj
 0003:0000597c       __wcmdln                   1021797c     libucrt:argv_data.obj
 0003:00005980       __pgmptr                   10217980     libucrt:argv_data.obj
 0003:00005984       __wpgmptr                  10217984     libucrt:argv_data.obj
 0003:00005a90       ___acrt_heap               10217a90     libucrt:heap_handle.obj
 0003:00005a98       ___pioinfo                 10217a98     libucrt:ioinit.obj
 0003:00005d00       __nhandle                  10217d00     libucrt:ioinit.obj
 0003:00005d20       ___acrt_current_locale_data 10217d20     libucrt:nlsdata.obj
 0003:00005d24       __nstream                  10217d24     libucrt:_file.obj
 0003:00005d28       ___piob                    10217d28     libucrt:_file.obj
 0003:00005d30       __cflush                   10217d30     libucrt:_file.obj
 0003:00005d34       ___acrt_stdout_buffer      10217d34     libucrt:_sftbuf.obj
 0003:00005d38       ___acrt_stderr_buffer      10217d38     libucrt:_sftbuf.obj
 0003:00005d44       ___acrt_locale_changed_data 10217d44     libucrt:wsetlocale.obj
 0003:00005d48       ___acrt_lconv_static_null  10217d48     libucrt:localeconv.obj
 0003:00005d4c       ___acrt_lconv_static_W_null 10217d4c     libucrt:localeconv.obj
 0003:00005d50       ___fastflag                10217d50     libucrt:fp_flags.obj
 0003:000064c0       ___scrt_ucrt_dll_is_in_use 102184c0     <common>
 0003:000064cc       ___dyn_tls_init_callback   102184cc     <common>
 0003:000064d8       __pDestructExceptionObject 102184d8     <common>
 0003:000064e4       ___use_sse2_mathfcns       102184e4     <common>
 0003:000064f0       __pmatherr                 102184f0     <common>
 0004:00000000       __imp__LoadLibraryA@4      10219000     kernel32:KERNEL32.dll
 0004:00000004       __imp__FreeLibrary@4       10219004     kernel32:KERNEL32.dll
 0004:00000008       __imp__GetProcAddress@8    10219008     kernel32:KERNEL32.dll
 0004:0000000c       __imp__RaiseException@16   1021900c     kernel32:KERNEL32.dll
 0004:00000010       __imp__GetLastError@0      10219010     kernel32:KERNEL32.dll
 0004:00000014       __imp__GetSystemInfo@4     10219014     kernel32:KERNEL32.dll
 0004:00000018       __imp__VirtualProtect@16   10219018     kernel32:KERNEL32.dll
 0004:0000001c       __imp__VirtualQuery@12     1021901c     kernel32:KERNEL32.dll
 0004:00000020       __imp__GetModuleHandleW@4  10219020     kernel32:KERNEL32.dll
 0004:00000024       __imp__LoadLibraryExA@12   10219024     kernel32:KERNEL32.dll
 0004:00000028       __imp__InitializeSListHead@4 10219028     kernel32:KERNEL32.dll
 0004:0000002c       __imp__QueryPerformanceCounter@4 1021902c     kernel32:KERNEL32.dll
 0004:00000030       __imp__GetCurrentProcessId@0 10219030     kernel32:KERNEL32.dll
 0004:00000034       __imp__GetCurrentThreadId@0 10219034     kernel32:KERNEL32.dll
 0004:00000038       __imp__GetSystemTimeAsFileTime@4 10219038     kernel32:KERNEL32.dll
 0004:0000003c       __imp__IsDebuggerPresent@0 1021903c     kernel32:KERNEL32.dll
 0004:00000040       __imp__UnhandledExceptionFilter@4 10219040     kernel32:KERNEL32.dll
 0004:00000044       __imp__SetUnhandledExceptionFilter@4 10219044     kernel32:KERNEL32.dll
 0004:00000048       __imp__GetStartupInfoW@4   10219048     kernel32:KERNEL32.dll
 0004:0000004c       __imp__IsProcessorFeaturePresent@4 1021904c     kernel32:KERNEL32.dll
 0004:00000050       __imp__GetCurrentProcess@0 10219050     kernel32:KERNEL32.dll
 0004:00000054       __imp__TerminateProcess@8  10219054     kernel32:KERNEL32.dll
 0004:00000058       __imp__InterlockedPushEntrySList@8 10219058     kernel32:KERNEL32.dll
 0004:0000005c       __imp__InterlockedFlushSList@4 1021905c     kernel32:KERNEL32.dll
 0004:00000060       __imp__RtlUnwind@16        10219060     kernel32:KERNEL32.dll
 0004:00000064       __imp__SetLastError@4      10219064     kernel32:KERNEL32.dll
 0004:00000068       __imp__EnterCriticalSection@4 10219068     kernel32:KERNEL32.dll
 0004:0000006c       __imp__LeaveCriticalSection@4 1021906c     kernel32:KERNEL32.dll
 0004:00000070       __imp__DeleteCriticalSection@4 10219070     kernel32:KERNEL32.dll
 0004:00000074       __imp__InitializeCriticalSectionAndSpinCount@8 10219074     kernel32:KERNEL32.dll
 0004:00000078       __imp__TlsAlloc@0          10219078     kernel32:KERNEL32.dll
 0004:0000007c       __imp__TlsGetValue@4       1021907c     kernel32:KERNEL32.dll
 0004:00000080       __imp__TlsSetValue@8       10219080     kernel32:KERNEL32.dll
 0004:00000084       __imp__TlsFree@4           10219084     kernel32:KERNEL32.dll
 0004:00000088       __imp__LoadLibraryExW@12   10219088     kernel32:KERNEL32.dll
 0004:0000008c       __imp__ExitProcess@4       1021908c     kernel32:KERNEL32.dll
 0004:00000090       __imp__GetModuleHandleExW@12 10219090     kernel32:KERNEL32.dll
 0004:00000094       __imp__GetModuleFileNameA@12 10219094     kernel32:KERNEL32.dll
 0004:00000098       __imp__GetModuleFileNameW@12 10219098     kernel32:KERNEL32.dll
 0004:0000009c       __imp__MultiByteToWideChar@24 1021909c     kernel32:KERNEL32.dll
 0004:000000a0       __imp__WideCharToMultiByte@32 102190a0     kernel32:KERNEL32.dll
 0004:000000a4       __imp__HeapFree@12         102190a4     kernel32:KERNEL32.dll
 0004:000000a8       __imp__HeapAlloc@12        102190a8     kernel32:KERNEL32.dll
 0004:000000ac       __imp__EncodePointer@4     102190ac     kernel32:KERNEL32.dll
 0004:000000b0       __imp__DecodePointer@4     102190b0     kernel32:KERNEL32.dll
 0004:000000b4       __imp__GetCurrentThread@0  102190b4     kernel32:KERNEL32.dll
 0004:000000b8       __imp__FindClose@4         102190b8     kernel32:KERNEL32.dll
 0004:000000bc       __imp__FindFirstFileExA@24 102190bc     kernel32:KERNEL32.dll
 0004:000000c0       __imp__FindFirstFileExW@24 102190c0     kernel32:KERNEL32.dll
 0004:000000c4       __imp__FindNextFileA@8     102190c4     kernel32:KERNEL32.dll
 0004:000000c8       __imp__FindNextFileW@8     102190c8     kernel32:KERNEL32.dll
 0004:000000cc       __imp__IsValidCodePage@4   102190cc     kernel32:KERNEL32.dll
 0004:000000d0       __imp__GetACP@0            102190d0     kernel32:KERNEL32.dll
 0004:000000d4       __imp__GetOEMCP@0          102190d4     kernel32:KERNEL32.dll
 0004:000000d8       __imp__GetCPInfo@8         102190d8     kernel32:KERNEL32.dll
 0004:000000dc       __imp__GetCommandLineA@0   102190dc     kernel32:KERNEL32.dll
 0004:000000e0       __imp__GetCommandLineW@0   102190e0     kernel32:KERNEL32.dll
 0004:000000e4       __imp__GetEnvironmentStringsW@0 102190e4     kernel32:KERNEL32.dll
 0004:000000e8       __imp__FreeEnvironmentStringsW@4 102190e8     kernel32:KERNEL32.dll
 0004:000000ec       __imp__SetEnvironmentVariableA@8 102190ec     kernel32:KERNEL32.dll
 0004:000000f0       __imp__SetEnvironmentVariableW@8 102190f0     kernel32:KERNEL32.dll
 0004:000000f4       __imp__OutputDebugStringA@4 102190f4     kernel32:KERNEL32.dll
 0004:000000f8       __imp__OutputDebugStringW@4 102190f8     kernel32:KERNEL32.dll
 0004:000000fc       __imp__GetDateFormatW@24   102190fc     kernel32:KERNEL32.dll
 0004:00000100       __imp__GetTimeFormatW@24   10219100     kernel32:KERNEL32.dll
 0004:00000104       __imp__CompareStringW@24   10219104     kernel32:KERNEL32.dll
 0004:00000108       __imp__LCMapStringW@24     10219108     kernel32:KERNEL32.dll
 0004:0000010c       __imp__GetLocaleInfoW@16   1021910c     kernel32:KERNEL32.dll
 0004:00000110       __imp__IsValidLocale@8     10219110     kernel32:KERNEL32.dll
 0004:00000114       __imp__GetUserDefaultLCID@0 10219114     kernel32:KERNEL32.dll
 0004:00000118       __imp__EnumSystemLocalesW@8 10219118     kernel32:KERNEL32.dll
 0004:0000011c       __imp__GetProcessHeap@0    1021911c     kernel32:KERNEL32.dll
 0004:00000120       __imp__GetStdHandle@4      10219120     kernel32:KERNEL32.dll
 0004:00000124       __imp__GetFileType@4       10219124     kernel32:KERNEL32.dll
 0004:00000128       __imp__SetConsoleCtrlHandler@8 10219128     kernel32:KERNEL32.dll
 0004:0000012c       __imp__GetStringTypeW@16   1021912c     kernel32:KERNEL32.dll
 0004:00000130       __imp__HeapSize@12         10219130     kernel32:KERNEL32.dll
 0004:00000134       __imp__HeapReAlloc@16      10219134     kernel32:KERNEL32.dll
 0004:00000138       __imp__SetStdHandle@8      10219138     kernel32:KERNEL32.dll
 0004:0000013c       __imp__FlushFileBuffers@4  1021913c     kernel32:KERNEL32.dll
 0004:00000140       __imp__WriteFile@20        10219140     kernel32:KERNEL32.dll
 0004:00000144       __imp__GetConsoleCP@0      10219144     kernel32:KERNEL32.dll
 0004:00000148       __imp__GetConsoleMode@8    10219148     kernel32:KERNEL32.dll
 0004:0000014c       __imp__SetFilePointerEx@20 1021914c     kernel32:KERNEL32.dll
 0004:00000150       __imp__CreateFileW@28      10219150     kernel32:KERNEL32.dll
 0004:00000154       __imp__CloseHandle@4       10219154     kernel32:KERNEL32.dll
 0004:00000158       __imp__WriteConsoleW@20    10219158     kernel32:KERNEL32.dll
 0004:0000015c       \177KERNEL32_NULL_THUNK_DATA 1021915c     kernel32:KERNEL32.dll
 0004:000001cc       __IMPORT_DESCRIPTOR_KERNEL32 102191cc     kernel32:KERNEL32.dll
 0004:000001e0       __NULL_IMPORT_DESCRIPTOR   102191e0     kernel32:KERNEL32.dll
 0005:00000000       __DELAY_IMPORT_DESCRIPTOR_PxFoundationCHECKED_x86_dll 1021a000     PxFoundationCHECKED_x86:PxFoundationCHECKED_x86.dll
 0005:00000020       __NULL_DELAY_IMPORT_DESCRIPTOR 1021a020     PxFoundationCHECKED_x86:PxFoundationCHECKED_x86.dll
 0005:00000098       \177PxFoundationCHECKED_x86_NULL_THUNK_DATA_DLN 1021a098     PxFoundationCHECKED_x86:PxFoundationCHECKED_x86.dll
 0005:000000d4       __imp_??0NamedAllocator@shdfnd@physx@@QAE@PBD@Z 1021a0d4     PxFoundationCHECKED_x86:PxFoundationCHECKED_x86.dll
 0005:000000d8       __imp_?getAllocator@shdfnd@physx@@YAAAVPxAllocatorCallback@2@XZ 1021a0d8     PxFoundationCHECKED_x86:PxFoundationCHECKED_x86.dll
 0005:000000dc       __imp_??1NamedAllocator@shdfnd@physx@@QAE@XZ 1021a0dc     PxFoundationCHECKED_x86:PxFoundationCHECKED_x86.dll
 0005:000000e0       __imp_?allocate@NamedAllocator@shdfnd@physx@@QAEPAXIPBDH@Z 1021a0e0     PxFoundationCHECKED_x86:PxFoundationCHECKED_x86.dll
 0005:000000e4       __imp_?deallocate@NamedAllocator@shdfnd@physx@@QAEXPAX@Z 1021a0e4     PxFoundationCHECKED_x86:PxFoundationCHECKED_x86.dll
 0005:000000e8       __imp__PxGetFoundation     1021a0e8     PxFoundationCHECKED_x86:PxFoundationCHECKED_x86.dll
 0005:000000ec       __imp_?getInstance@Foundation@shdfnd@physx@@SAAAV123@XZ 1021a0ec     PxFoundationCHECKED_x86:PxFoundationCHECKED_x86.dll
 0005:000000f0       __imp_?error@Foundation@shdfnd@physx@@QAAXW4Enum@PxErrorCode@3@PBDH1ZZ 1021a0f0     PxFoundationCHECKED_x86:PxFoundationCHECKED_x86.dll
 0005:000000f4       __imp_?PxShortestRotation@physx@@YA?AVPxQuat@1@ABVPxVec3@1@0@Z 1021a0f4     PxFoundationCHECKED_x86:PxFoundationCHECKED_x86.dll
 0005:000000f8       __imp_?vsnprintf@shdfnd@physx@@YAHPADIPBD0@Z 1021a0f8     PxFoundationCHECKED_x86:PxFoundationCHECKED_x86.dll
 0005:000000fc       __imp_?optimizeBoundingBox@shdfnd@physx@@YA?AVPxVec3@2@AAVPxMat33@2@@Z 1021a0fc     PxFoundationCHECKED_x86:PxFoundationCHECKED_x86.dll
 0005:00000100       __imp_??0NamedAllocator@shdfnd@physx@@QAE@ABV012@@Z 1021a100     PxFoundationCHECKED_x86:PxFoundationCHECKED_x86.dll
 0005:00000104       __imp_?allocate@TempAllocator@shdfnd@physx@@QAEPAXIPBDH@Z 1021a104     PxFoundationCHECKED_x86:PxFoundationCHECKED_x86.dll
 0005:00000108       __imp_?deallocate@TempAllocator@shdfnd@physx@@QAEXPAX@Z 1021a108     PxFoundationCHECKED_x86:PxFoundationCHECKED_x86.dll
 0005:0000010c       __imp_?atomicIncrement@shdfnd@physx@@YAHPCH@Z 1021a10c     PxFoundationCHECKED_x86:PxFoundationCHECKED_x86.dll
 0005:00000110       __imp_?atomicDecrement@shdfnd@physx@@YAHPCH@Z 1021a110     PxFoundationCHECKED_x86:PxFoundationCHECKED_x86.dll
 0005:00000114       __imp__PxGetProfilerCallback 1021a114     PxFoundationCHECKED_x86:PxFoundationCHECKED_x86.dll
 0005:00000118       __imp_??0MutexImpl@shdfnd@physx@@QAE@XZ 1021a118     PxFoundationCHECKED_x86:PxFoundationCHECKED_x86.dll
 0005:0000011c       __imp_??1MutexImpl@shdfnd@physx@@QAE@XZ 1021a11c     PxFoundationCHECKED_x86:PxFoundationCHECKED_x86.dll
 0005:00000120       __imp_?lock@MutexImpl@shdfnd@physx@@QAEXXZ 1021a120     PxFoundationCHECKED_x86:PxFoundationCHECKED_x86.dll
 0005:00000124       __imp_?unlock@MutexImpl@shdfnd@physx@@QAEXXZ 1021a124     PxFoundationCHECKED_x86:PxFoundationCHECKED_x86.dll
 0005:00000128       __imp_?getSize@MutexImpl@shdfnd@physx@@SAIXZ 1021a128     PxFoundationCHECKED_x86:PxFoundationCHECKED_x86.dll
 0005:0000012c       \177PxFoundationCHECKED_x86_NULL_THUNK_DATA_DLA 1021a12c     PxFoundationCHECKED_x86:PxFoundationCHECKED_x86.dll
 0005:000006d0       \177PxFoundationCHECKED_x86_NULL_THUNK_DATA_DLB 1021a6d0     PxFoundationCHECKED_x86:PxFoundationCHECKED_x86.dll
 0007:00000000       ___guard_check_icall_fptr  1021c000     LIBCMT:guard_support.obj
